Archive member included to satisfy reference by file (symbol)

c:/spc5studio-6.0/eclipse/plugins/com.st.tools.spc5.tools.gnu.gcc.ppcvle.win32_4.9.4.20200908161514/toolchain/bin/../lib/gcc/powerpc-eabivle/4.9.4/../../../../powerpc-eabivle/lib/e200z2\libc.a(lib_a-memset.o)
                              build/obj/osal.o (memset)
c:/spc5studio-6.0/eclipse/plugins/com.st.tools.spc5.tools.gnu.gcc.ppcvle.win32_4.9.4.20200908161514/toolchain/bin/../lib/gcc/powerpc-eabivle/4.9.4/e200z2\libgcc.a(_fixunssfsi.o)
                              build/obj/saradc_lld.o (__fixunssfsi)
c:/spc5studio-6.0/eclipse/plugins/com.st.tools.spc5.tools.gnu.gcc.ppcvle.win32_4.9.4.20200908161514/toolchain/bin/../lib/gcc/powerpc-eabivle/4.9.4/e200z2\libgcc.a(_addsub_sf.o)
                              c:/spc5studio-6.0/eclipse/plugins/com.st.tools.spc5.tools.gnu.gcc.ppcvle.win32_4.9.4.20200908161514/toolchain/bin/../lib/gcc/powerpc-eabivle/4.9.4/e200z2\libgcc.a(_fixunssfsi.o) (__subsf3)
c:/spc5studio-6.0/eclipse/plugins/com.st.tools.spc5.tools.gnu.gcc.ppcvle.win32_4.9.4.20200908161514/toolchain/bin/../lib/gcc/powerpc-eabivle/4.9.4/e200z2\libgcc.a(_mul_sf.o)
                              build/obj/saradc_lld.o (__mulsf3)
c:/spc5studio-6.0/eclipse/plugins/com.st.tools.spc5.tools.gnu.gcc.ppcvle.win32_4.9.4.20200908161514/toolchain/bin/../lib/gcc/powerpc-eabivle/4.9.4/e200z2\libgcc.a(_div_sf.o)
                              build/obj/saradc_lld.o (__divsf3)
c:/spc5studio-6.0/eclipse/plugins/com.st.tools.spc5.tools.gnu.gcc.ppcvle.win32_4.9.4.20200908161514/toolchain/bin/../lib/gcc/powerpc-eabivle/4.9.4/e200z2\libgcc.a(_ge_sf.o)
                              c:/spc5studio-6.0/eclipse/plugins/com.st.tools.spc5.tools.gnu.gcc.ppcvle.win32_4.9.4.20200908161514/toolchain/bin/../lib/gcc/powerpc-eabivle/4.9.4/e200z2\libgcc.a(_fixunssfsi.o) (__gesf2)
c:/spc5studio-6.0/eclipse/plugins/com.st.tools.spc5.tools.gnu.gcc.ppcvle.win32_4.9.4.20200908161514/toolchain/bin/../lib/gcc/powerpc-eabivle/4.9.4/e200z2\libgcc.a(_le_sf.o)
                              build/obj/saradc_lld.o (__lesf2)
c:/spc5studio-6.0/eclipse/plugins/com.st.tools.spc5.tools.gnu.gcc.ppcvle.win32_4.9.4.20200908161514/toolchain/bin/../lib/gcc/powerpc-eabivle/4.9.4/e200z2\libgcc.a(_sf_to_si.o)
                              c:/spc5studio-6.0/eclipse/plugins/com.st.tools.spc5.tools.gnu.gcc.ppcvle.win32_4.9.4.20200908161514/toolchain/bin/../lib/gcc/powerpc-eabivle/4.9.4/e200z2\libgcc.a(_fixunssfsi.o) (__fixsfsi)
c:/spc5studio-6.0/eclipse/plugins/com.st.tools.spc5.tools.gnu.gcc.ppcvle.win32_4.9.4.20200908161514/toolchain/bin/../lib/gcc/powerpc-eabivle/4.9.4/e200z2\libgcc.a(_thenan_sf.o)
                              c:/spc5studio-6.0/eclipse/plugins/com.st.tools.spc5.tools.gnu.gcc.ppcvle.win32_4.9.4.20200908161514/toolchain/bin/../lib/gcc/powerpc-eabivle/4.9.4/e200z2\libgcc.a(_addsub_sf.o) (__thenan_sf)
c:/spc5studio-6.0/eclipse/plugins/com.st.tools.spc5.tools.gnu.gcc.ppcvle.win32_4.9.4.20200908161514/toolchain/bin/../lib/gcc/powerpc-eabivle/4.9.4/e200z2\libgcc.a(_pack_sf.o)
                              c:/spc5studio-6.0/eclipse/plugins/com.st.tools.spc5.tools.gnu.gcc.ppcvle.win32_4.9.4.20200908161514/toolchain/bin/../lib/gcc/powerpc-eabivle/4.9.4/e200z2\libgcc.a(_addsub_sf.o) (__pack_f)
c:/spc5studio-6.0/eclipse/plugins/com.st.tools.spc5.tools.gnu.gcc.ppcvle.win32_4.9.4.20200908161514/toolchain/bin/../lib/gcc/powerpc-eabivle/4.9.4/e200z2\libgcc.a(_unpack_sf.o)
                              c:/spc5studio-6.0/eclipse/plugins/com.st.tools.spc5.tools.gnu.gcc.ppcvle.win32_4.9.4.20200908161514/toolchain/bin/../lib/gcc/powerpc-eabivle/4.9.4/e200z2\libgcc.a(_addsub_sf.o) (__unpack_f)
c:/spc5studio-6.0/eclipse/plugins/com.st.tools.spc5.tools.gnu.gcc.ppcvle.win32_4.9.4.20200908161514/toolchain/bin/../lib/gcc/powerpc-eabivle/4.9.4/e200z2\libgcc.a(_fpcmp_parts_sf.o)
                              c:/spc5studio-6.0/eclipse/plugins/com.st.tools.spc5.tools.gnu.gcc.ppcvle.win32_4.9.4.20200908161514/toolchain/bin/../lib/gcc/powerpc-eabivle/4.9.4/e200z2\libgcc.a(_ge_sf.o) (__fpcmp_parts_f)

Discarded input sections

 .text          0x00000000        0x0 build/obj/boot.o
 .data          0x00000000        0x0 build/obj/boot.o
 .bss           0x00000000        0x0 build/obj/boot.o
 .text          0x00000000        0x0 build/obj/crt0.o
 .data          0x00000000        0x0 build/obj/crt0.o
 .bss           0x00000000        0x0 build/obj/crt0.o
 .text          0x00000000        0x0 build/obj/vectors.o
 .data          0x00000000        0x0 build/obj/vectors.o
 .bss           0x00000000        0x0 build/obj/vectors.o
 .text          0x00000000        0x0 build/obj/ivor.o
 .data          0x00000000        0x0 build/obj/ivor.o
 .bss           0x00000000        0x0 build/obj/ivor.o
 .text          0x00000000        0x0 build/obj/spc5_lld.o
 .data          0x00000000        0x0 build/obj/spc5_lld.o
 .bss           0x00000000        0x0 build/obj/spc5_lld.o
 .text          0x00000000        0x0 build/obj/spc5_edma.o
[...]
Memory Configuration

Name             Origin             Length             Attributes
dataflash        0x00800000         0x00020000
flash            0x00fc0000         0x00100000
ram              0x400a8000         0x00018000
*default*        0x00000000         0xffffffff

Linker script and memory map

LOAD build/obj/boot.o
LOAD build/obj/crt0.o
LOAD build/obj/vectors.o
LOAD build/obj/ivor.o
LOAD build/obj/spc5_lld.o
LOAD build/obj/spc5_edma.o
LOAD build/obj/can_lld.o
LOAD build/obj/saradc_lld.o
LOAD build/obj/pal.o
LOAD build/obj/clock.o
LOAD build/obj/irq.o
LOAD build/obj/eirq.o
LOAD build/obj/swirq.o
LOAD build/obj/osal.o
LOAD build/obj/systimer.o
LOAD build/obj/can_lld_cfg.o
LOAD build/obj/saradc_lld_cfg.o
LOAD build/obj/board.o
LOAD build/obj/irq_cfg.o
LOAD build/obj/eirq_cfg.o
LOAD build/obj/swirq_cfg.o
LOAD build/obj/main.o
LOAD build/obj/components.o
LOAD c:/spc5studio-6.0/eclipse/plugins/com.st.tools.spc5.tools.gnu.gcc.ppcvle.win32_4.9.4.20200908161514/toolchain/bin/../lib/gcc/powerpc-eabivle/4.9.4/../../../../powerpc-eabivle/lib/e200z2\libm.a
LOAD c:/spc5studio-6.0/eclipse/plugins/com.st.tools.spc5.tools.gnu.gcc.ppcvle.win32_4.9.4.20200908161514/toolchain/bin/../lib/gcc/powerpc-eabivle/4.9.4/../../../../powerpc-eabivle/lib/e200z2\libc.a
                0x00000000                __irq_stack_size__ = 0x0
                0x00001000                __process_stack_size__ = 0x1000
                0x00100000                __flash_size__ = LENGTH (flash)
                0x00fc0000                __flash_start__ = ORIGIN (flash)
                0x010c0000                __flash_end__ = (ORIGIN (flash) + LENGTH (flash))
                0x00018000                __ram_size__ = LENGTH (ram)
                0x400a8000                __ram_start__ = ORIGIN (ram)
                0x400c0000                __ram_end__ = (ORIGIN (ram) + LENGTH (ram))
                0x00fc0000                . = ORIGIN (flash)

.boot0          0x00fc0000      0x1f2
 *(.boot)
 .boot          0x00fc0000      0x10a build/obj/boot.o
                0x00fc0008                _reset_address
 *(.handlers)
 *fill*         0x00fc010a        0x6 
 .handlers      0x00fc0110        0x4 build/obj/boot.o
                0x00fc0110                _IVOR1
                0x00fc0110                _IVOR11
                0x00fc0110                _IVOR15
                0x00fc0110                _IVOR0
                0x00fc0110                _IVOR14
                0x00fc0110                _unhandled_exception
                0x00fc0110                _IVOR9
                0x00fc0110                _IVOR2
                0x00fc0110                _IVOR7
                0x00fc0110                _IVOR12
                0x00fc0110                _IVOR8
                0x00fc0110                _IVOR3
                0x00fc0110                _IVOR6
                0x00fc0110                _IVOR5
                0x00fc0110                _IVOR13
                0x00fc0110                _IVOR10
 *fill*         0x00fc0114        0xc 
 .handlers      0x00fc0120       0x4a build/obj/ivor.o
                0x00fc0120                _IVOR4
 *(.crt0)
 *fill*         0x00fc016a        0x6 
 .crt0          0x00fc0170       0x82 build/obj/crt0.o
                0x00fc0170                _boot_address
                0x00fc01e8                _main_exit_handler
                0x00fc01ee                __late_init
                0x00fc01f0                __eabi

.boot1          0x00fc0200     0x1e02
                0x00fc0200                . = ALIGN (0x100)
                0x00fc0200                __ivpr_base__ = .
 *(.ivors)
 .ivors         0x00fc0200       0xf4 build/obj/boot.o
                0x00fc0200                IVORS
                0x00fc1000                . = ALIGN (0x1000)
 *fill*         0x00fc02f4      0xd0c 
 *(.vectors)
 .vectors       0x00fc1000     0x1002 build/obj/vectors.o
                0x00fc1000                _vectors
                0x00fc2000                vector723
                0x00fc2000                vector646
                0x00fc2000                vector276
                0x00fc2000                vector827
                0x00fc2000                vector403
                0x00fc2000                vector444
                0x00fc2000                vector120
                0x00fc2000                vector971
                0x00fc2000                vector198
                0x00fc2000                vector689
                0x00fc2000                vector25
                0x00fc2000                vector710
                0x00fc2000                vector548
                0x00fc2000                vector464
                0x00fc2000                vector837
                0x00fc2000                vector937
                0x00fc2000                vector83
                0x00fc2000                vector89
                0x00fc2000                vector88
                0x00fc2000                vector722
                0x00fc2000                vector769
                0x00fc2000                vector569
                0x00fc2000                vector725
                0x00fc2000                vector487
                0x00fc2000                vector50
                0x00fc2000                vector15
                0x00fc2000                vector848
                0x00fc2000                vector1017
                0x00fc2000                vector501
                0x00fc2000                vector151
                0x00fc2000                vector234
                0x00fc2000                vector604
                0x00fc2000                vector387
                0x00fc2000                vector933
                0x00fc2000                vector602
                0x00fc2000                vector232
                0x00fc2000                vector635
                0x00fc2000                vector878
                0x00fc2000                vector407
                0x00fc2000                vector149
                0x00fc2000                vector393
                0x00fc2000                vector757
                0x00fc2000                vector772
                0x00fc2000                vector729
                0x00fc2000                vector342
                0x00fc2000                vector265
                0x00fc2000                vector880
                0x00fc2000                vector106
                0x00fc2000                vector163
                0x00fc2000                vector1003
                0x00fc2000                vector759
                0x00fc2000                vector982
                0x00fc2000                vector774
                0x00fc2000                vector513
                0x00fc2000                vector90
                0x00fc2000                vector421
                0x00fc2000                vector401
                0x00fc2000                vector351
                0x00fc2000                vector481
                0x00fc2000                vector220
                0x00fc2000                vector835
                0x00fc2000                vector664
                0x00fc2000                vector294
                0x00fc2000                vector909
                0x00fc2000                vector308
                0x00fc2000                vector537
                0x00fc2000                vector187
                0x00fc2000                vector1015
                0x00fc2000                vector886
                0x00fc2000                vector225
                0x00fc2000                vector680
                0x00fc2000                vector494
                0x00fc2000                vector599
                0x00fc2000                vector424
                0x00fc2000                vector843
                0x00fc2000                vector467
                0x00fc2000                vector804
                0x00fc2000                vector370
                0x00fc2000                vector337
                0x00fc2000                vector1009
                0x00fc2000                vector814
                0x00fc2000                vector542
                0x00fc2000                vector192
                0x00fc2000                vector516
                0x00fc2000                vector551
                0x00fc2000                vector127
                0x00fc2000                vector883
                0x00fc2000                vector739
                0x00fc2000                vector302
                0x00fc2000                vector30
                0x00fc2000                vector841
                0x00fc2000                vector382
                0x00fc2000                vector556
                0x00fc2000                vector386
                0x00fc2000                vector367
                0x00fc2000                vector34
                0x00fc2000                vector46
                0x00fc2000                vector988
                0x00fc2000                vector743
                0x00fc2000                vector437
                0x00fc2000                vector268
                0x00fc2000                vector638
                0x00fc2000                vector794
                0x00fc2000                vector529
                0x00fc2000                vector179
                0x00fc2000                vector764
                0x00fc2000                vector990
                0x00fc2000                vector786
                0x00fc2000                vector1023
                0x00fc2000                vector134
                0x00fc2000                vector223
                0x00fc2000                vector218
                0x00fc2000                vector994
                0x00fc2000                vector662
                0x00fc2000                vector292
                0x00fc2000                vector325
                0x00fc2000                vector341
                0x00fc2000                vector713
                0x00fc2000                vector888
                0x00fc2000                vector881
                0x00fc2000                vector945
                0x00fc2000                vector892
                0x00fc2000                vector410
                0x00fc2000                vector322
                0x00fc2000                vector8
                0x00fc2000                vector582
                0x00fc2000                vector264
                0x00fc2000                vector916
                0x00fc2000                vector71
                0x00fc2000                vector842
                0x00fc2000                vector510
                0x00fc2000                vector634
                0x00fc2000                vector887
                0x00fc2000                vector927
                0x00fc2000                vector511
                0x00fc2000                vector161
                0x00fc2000                vector472
                0x00fc2000                vector628
                0x00fc2000                vector258
                0x00fc2000                vector160
                0x00fc2000                vector344
                0x00fc2000                vector559
                0x00fc2000                vector112
                0x00fc2000                vector727
                0x00fc2000                vector423
                0x00fc2000                vector995
                0x00fc2000                vector826
                0x00fc2000                vector490
                0x00fc2000                vector416
                0x00fc2000                vector157
                0x00fc2000                vector215
                0x00fc2000                vector352
                0x00fc2000                vector347
                0x00fc2000                vector389
                0x00fc2000                vector507
                0x00fc2000                vector908
                0x00fc2000                vector205
                0x00fc2000                vector596
                0x00fc2000                vector555
                0x00fc2000                vector681
                0x00fc2000                vector904
                0x00fc2000                vector850
                0x00fc2000                vector197
                0x00fc2000                vector547
                0x00fc2000                vector920
                0x00fc2000                vector6
                0x00fc2000                vector893
                0x00fc2000                vector553
                0x00fc2000                vector129
                0x00fc2000                vector455
                0x00fc2000                vector502
                0x00fc2000                vector152
                0x00fc2000                vector838
                0x00fc2000                vector823
                0x00fc2000                vector868
                0x00fc2000                vector37
                0x00fc2000                vector690
                0x00fc2000                vector364
                0x00fc2000                vector459
                0x00fc2000                vector339
                0x00fc2000                vector415
                0x00fc2000                vector972
                0x00fc2000                vector598
                0x00fc2000                vector600
                0x00fc2000                vector230
                0x00fc2000                vector761
                0x00fc2000                vector532
                0x00fc2000                vector182
                0x00fc2000                vector466
                0x00fc2000                vector469
                0x00fc2000                vector273
                0x00fc2000                vector523
                0x00fc2000                vector173
                0x00fc2000                vector637
                0x00fc2000                vector643
                0x00fc2000                vector78
                0x00fc2000                vector44
                0x00fc2000                vector731
                0x00fc2000                vector830
                0x00fc2000                vector991
                0x00fc2000                vector670
                0x00fc2000                vector49
                0x00fc2000                vector267
                0x00fc2000                vector117
                0x00fc2000                vector566
                0x00fc2000                vector485
                0x00fc2000                vector675
                0x00fc2000                vector704
                0x00fc2000                vector222
                0x00fc2000                vector978
                0x00fc2000                vector426
                0x00fc2000                vector379
                0x00fc2000                vector82
                0x00fc2000                vector956
                0x00fc2000                vector442
                0x00fc2000                vector911
                0x00fc2000                vector336
                0x00fc2000                vector686
                0x00fc2000                vector95
                0x00fc2000                vector943
                0x00fc2000                vector575
                0x00fc2000                vector1002
                0x00fc2000                vector109
                0x00fc2000                vector383
                0x00fc2000                vector20
                0x00fc2000                vector321
                0x00fc2000                vector712
                0x00fc2000                vector309
                0x00fc2000                vector950
                0x00fc2000                vector1000
                0x00fc2000                vector12
                0x00fc2000                vector1007
                0x00fc2000                vector719
                0x00fc2000                vector986
                0x00fc2000                vector863
                0x00fc2000                vector319
                0x00fc2000                vector776
                0x00fc2000                vector491
                0x00fc2000                vector456
                0x00fc2000                vector572
                0x00fc2000                vector818
                0x00fc2000                vector366
                0x00fc2000                vector18
                0x00fc2000                vector417
                0x00fc2000                vector907
                0x00fc2000                vector873
                0x00fc2000                vector656
                0x00fc2000                vector303
                0x00fc2000                vector286
                0x00fc2000                vector166
                0x00fc2000                vector434
                0x00fc2000                vector489
                0x00fc2000                vector931
                0x00fc2000                vector658
                0x00fc2000                vector288
                0x00fc2000                vector564
                0x00fc2000                vector861
                0x00fc2000                vector906
                0x00fc2000                vector446
                0x00fc2000                vector534
                0x00fc2000                vector184
                0x00fc2000                vector577
                0x00fc2000                vector683
                0x00fc2000                vector358
                0x00fc2000                vector326
                0x00fc2000                vector207
                0x00fc2000                vector915
                0x00fc2000                vector188
                0x00fc2000                vector585
                0x00fc2000                vector636
                0x00fc2000                vector266
                0x00fc2000                vector411
                0x00fc2000                vector538
                0x00fc2000                vector567
                0x00fc2000                vector93
                0x00fc2000                vector540
                0x00fc2000                vector190
                0x00fc2000                vector609
                0x00fc2000                vector239
                0x00fc2000                vector94
                0x00fc2000                vector360
                0x00fc2000                vector17
                0x00fc2000                vector1005
                0x00fc2000                vector116
                0x00fc2000                vector654
                0x00fc2000                vector284
                0x00fc2000                vector452
                0x00fc2000                vector831
                0x00fc2000                vector104
                0x00fc2000                vector685
                0x00fc2000                vector766
                0x00fc2000                vector633
                0x00fc2000                vector263
                0x00fc2000                vector581
                0x00fc2000                vector882
                0x00fc2000                vector782
                0x00fc2000                vector768
                0x00fc2000                vector869
                0x00fc2000                vector315
                0x00fc2000                vector976
                0x00fc2000                vector640
                0x00fc2000                vector270
                0x00fc2000                vector717
                0x00fc2000                vector755
                0x00fc2000                vector735
                0x00fc2000                vector824
                0x00fc2000                vector992
                0x00fc2000                vector699
                0x00fc2000                vector439
                0x00fc2000                vector721
                0x00fc2000                vector497
                0x00fc2000                vector692
                0x00fc2000                vector847
                0x00fc2000                vector48
                0x00fc2000                vector299
                0x00fc2000                vector926
                0x00fc2000                vector781
                0x00fc2000                vector984
                0x00fc2000                vector462
                0x00fc2000                vector669
                0x00fc2000                vector103
                0x00fc2000                vector191
                0x00fc2000                vector969
                0x00fc2000                vector146
                0x00fc2000                vector897
                0x00fc2000                vector815
                0x00fc2000                vector541
                0x00fc2000                vector586
                0x00fc2000                vector350
                0x00fc2000                vector997
                0x00fc2000                vector447
                0x00fc2000                vector11
                0x00fc2000                vector14
                0x00fc2000                vector952
                0x00fc2000                vector499
                0x00fc2000                vector480
                0x00fc2000                vector397
                0x00fc2000                vector406
                0x00fc2000                vector854
                0x00fc2000                vector941
                0x00fc2000                vector454
                0x00fc2000                vector708
                0x00fc2000                vector679
                0x00fc2000                vector338
                0x00fc2000                vector385
                0x00fc2000                vector148
                0x00fc2000                vector221
                0x00fc2000                vector912
                0x00fc2000                vector80
                0x00fc2000                vector353
                0x00fc2000                vector936
                0x00fc2000                vector219
                0x00fc2000                vector310
                0x00fc2000                vector659
                0x00fc2000                vector289
                0x00fc2000                vector663
                0x00fc2000                vector293
                0x00fc2000                vector957
                0x00fc2000                vector521
                0x00fc2000                vector171
                0x00fc2000                vector504
                0x00fc2000                vector340
                0x00fc2000                vector851
                0x00fc2000                vector449
                0x00fc2000                vector405
                0x00fc2000                vector800
                0x00fc2000                vector716
                0x00fc2000                vector849
                0x00fc2000                vector105
                0x00fc2000                vector154
                0x00fc2000                vector36
                0x00fc2000                vector894
                0x00fc2000                vector605
                0x00fc2000                vector235
                0x00fc2000                vector874
                0x00fc2000                vector272
                0x00fc2000                vector879
                0x00fc2000                vector914
                0x00fc2000                vector563
                0x00fc2000                vector902
                0x00fc2000                vector949
                0x00fc2000                vector1012
                0x00fc2000                vector973
                0x00fc2000                vector164
                0x00fc2000                vector987
                0x00fc2000                vector139
                0x00fc2000                vector503
                0x00fc2000                vector153
                0x00fc2000                vector514
                0x00fc2000                vector121
                0x00fc2000                vector867
                0x00fc2000                vector754
                0x00fc2000                vector619
                0x00fc2000                vector249
                0x00fc2000                vector938
                0x00fc2000                vector836
                0x00fc2000                vector318
                0x00fc2000                vector822
                0x00fc2000                vector155
                0x00fc2000                vector505
                0x00fc2000                vector5
                0x00fc2000                vector320
                0x00fc2000                vector517
                0x00fc2000                vector167
                0x00fc2000                vector944
                0x00fc2000                vector684
                0x00fc2000                vector959
                0x00fc2000                vector150
                0x00fc2000                vector304
                0x00fc2000                vector618
                0x00fc2000                vector248
                0x00fc2000                vector479
                0x00fc2000                vector500
                0x00fc2000                vector587
                0x00fc2000                vector195
                0x00fc2000                vector594
                0x00fc2000                vector590
                0x00fc2000                vector76
                0x00fc2000                vector75
                0x00fc2000                vector545
                0x00fc2000                vector343
                0x00fc2000                vector123
                0x00fc2000                vector865
                0x00fc2000                vector939
                0x00fc2000                vector31
                0x00fc2000                vector388
                0x00fc2000                vector799
                0x00fc2000                vector203
                0x00fc2000                vector820
                0x00fc2000                vector271
                0x00fc2000                vector641
                0x00fc2000                vector96
                0x00fc2000                vector665
                0x00fc2000                vector295
                0x00fc2000                vector427
                0x00fc2000                vector891
                0x00fc2000                vector365
                0x00fc2000                vector620
                0x00fc2000                vector250
                0x00fc2000                vector785
                0x00fc2000                vector471
                0x00fc2000                vector28
                0x00fc2000                vector703
                0x00fc2000                vector550
                0x00fc2000                vector910
                0x00fc2000                vector126
                0x00fc2000                vector934
                0x00fc2000                vector323
                0x00fc2000                vector744
                0x00fc2000                vector955
                0x00fc2000                vector368
                0x00fc2000                vector72
                0x00fc2000                vector519
                0x00fc2000                vector169
                0x00fc2000                vector809
                0x00fc2000                vector866
                0x00fc2000                vector821
                0x00fc2000                vector457
                0x00fc2000                vector147
                0x00fc2000                vector642
                0x00fc2000                vector413
                0x00fc2000                vector780
                0x00fc2000                vector742
                0x00fc2000                vector392
                0x00fc2000                vector474
                0x00fc2000                vector603
                0x00fc2000                vector233
                0x00fc2000                vector593
                0x00fc2000                vector202
                0x00fc2000                vector373
                0x00fc2000                vector441
                0x00fc2000                vector756
                0x00fc2000                vector787
                0x00fc2000                vector749
                0x00fc2000                vector966
                0x00fc2000                vector698
                0x00fc2000                vector204
                0x00fc2000                vector726
                0x00fc2000                vector591
                0x00fc2000                vector124
                0x00fc2000                vector110
                0x00fc2000                vector653
                0x00fc2000                vector283
                0x00fc2000                vector484
                0x00fc2000                vector630
                0x00fc2000                vector260
                0x00fc2000                vector298
                0x00fc2000                vector657
                0x00fc2000                vector287
                0x00fc2000                vector22
                0x00fc2000                vector1019
                0x00fc2000                vector668
                0x00fc2000                vector247
                0x00fc2000                vector617
                0x00fc2000                vector137
                0x00fc2000                vector979
                0x00fc2000                vector330
                0x00fc2000                vector561
                0x00fc2000                vector923
                0x00fc2000                vector279
                0x00fc2000                vector649
                0x00fc2000                vector277
                0x00fc2000                vector69
                0x00fc2000                vector607
                0x00fc2000                vector237
                0x00fc2000                vector27
                0x00fc2000                vector647
                0x00fc2000                vector579
                0x00fc2000                vector477
                0x00fc2000                vector425
                0x00fc2000                vector118
                0x00fc2000                vector328
                0x00fc2000                vector918
                0x00fc2000                vector70
                0x00fc2000                vector468
                0x00fc2000                vector701
                0x00fc2000                vector312
                0x00fc2000                vector217
                0x00fc2000                vector355
                0x00fc2000                vector661
                0x00fc2000                vector291
                0x00fc2000                vector970
                0x00fc2000                vector1013
                0x00fc2000                vector186
                0x00fc2000                vector536
                0x00fc2000                vector132
                0x00fc2000                vector372
                0x00fc2000                vector583
                0x00fc2000                vector807
                0x00fc2000                vector390
                0x00fc2000                vector177
                0x00fc2000                vector527
                0x00fc2000                vector316
                0x00fc2000                vector905
                0x00fc2000                vector375
                0x00fc2000                vector1022
                0x00fc2000                vector335
                0x00fc2000                vector671
                0x00fc2000                vector210
                0x00fc2000                vector983
                0x00fc2000                vector269
                0x00fc2000                vector332
                0x00fc2000                vector227
                0x00fc2000                vector834
                0x00fc2000                vector363
                0x00fc2000                vector307
                0x00fc2000                vector1011
                0x00fc2000                vector224
                0x00fc2000                vector432
                0x00fc2000                vector1018
                0x00fc2000                vector728
                0x00fc2000                vector21
                0x00fc2000                vector803
                0x00fc2000                vector872
                0x00fc2000                vector41
                0x00fc2000                vector378
                0x00fc2000                vector790
                0x00fc2000                vector381
                0x00fc2000                vector346
                0x00fc2000                vector940
                0x00fc2000                vector738
                0x00fc2000                vector998
                0x00fc2000                vector436
                0x00fc2000                vector650
                0x00fc2000                vector924
                0x00fc2000                vector993
                0x00fc2000                vector613
                0x00fc2000                vector492
                0x00fc2000                vector495
                0x00fc2000                vector174
                0x00fc2000                vector524
                0x00fc2000                vector450
                0x00fc2000                vector362
                0x00fc2000                vector101
                0x00fc2000                vector211
                0x00fc2000                vector418
                0x00fc2000                vector889
                0x00fc2000                vector128
                0x00fc2000                vector753
                0x00fc2000                vector844
                0x00fc2000                vector16
                0x00fc2000                vector960
                0x00fc2000                vector714
                0x00fc2000                vector595
                0x00fc2000                vector946
                0x00fc2000                vector51
                0x00fc2000                vector460
                0x00fc2000                vector13
                0x00fc2000                vector81
                0x00fc2000                vector552
                0x00fc2000                vector765
                0x00fc2000                vector1008
                0x00fc2000                vector677
                0x00fc2000                vector798
                0x00fc2000                vector300
                0x00fc2000                vector282
                0x00fc2000                vector608
                0x00fc2000                vector238
                0x00fc2000                vector557
                0x00fc2000                vector697
                0x00fc2000                vector652
                0x00fc2000                vector953
                0x00fc2000                vector38
                0x00fc2000                vector280
                0x00fc2000                vector980
                0x00fc2000                vector1
                0x00fc2000                vector528
                0x00fc2000                vector178
                0x00fc2000                vector311
                0x00fc2000                vector133
                0x00fc2000                vector73
                0x00fc2000                vector354
                0x00fc2000                vector624
                0x00fc2000                vector254
                0x00fc2000                vector763
                0x00fc2000                vector1001
                0x00fc2000                vector349
                0x00fc2000                vector929
                0x00fc2000                vector687
                0x00fc2000                vector144
                0x00fc2000                vector644
                0x00fc2000                vector274
                0x00fc2000                vector737
                0x00fc2000                vector967
                0x00fc2000                vector639
                0x00fc2000                vector568
                0x00fc2000                vector515
                0x00fc2000                vector165
                0x00fc2000                vector571
                0x00fc2000                vector535
                0x00fc2000                vector185
                0x00fc2000                vector496
                0x00fc2000                vector435
                0x00fc2000                vector750
                0x00fc2000                vector493
                0x00fc2000                vector43
                0x00fc2000                vector682
                0x00fc2000                vector451
                0x00fc2000                vector900
                0x00fc2000                vector760
                0x00fc2000                vector942
                0x00fc2000                vector748
                0x00fc2000                vector676
                0x00fc2000                vector709
                0x00fc2000                vector398
                0x00fc2000                vector430
                0x00fc2000                vector506
                0x00fc2000                vector412
                0x00fc2000                vector376
                0x00fc2000                vector122
                0x00fc2000                vector580
                0x00fc2000                vector333
                0x00fc2000                vector817
                0x00fc2000                vector115
                0x00fc2000                vector578
                0x00fc2000                vector947
                0x00fc2000                vector108
                0x00fc2000                vector626
                0x00fc2000                vector256
                0x00fc2000                vector621
                0x00fc2000                vector251
                0x00fc2000                vector429
                0x00fc2000                vector720
                0x00fc2000                vector86
                0x00fc2000                vector87
                0x00fc2000                vector767
                0x00fc2000                vector612
                0x00fc2000                vector242
                0x00fc2000                vector119
                0x00fc2000                vector829
                0x00fc2000                _unhandled_irq
                0x00fc2000                vector584
                0x00fc2000                vector345
                0x00fc2000                vector666
                0x00fc2000                vector296
                0x00fc2000                vector715
                0x00fc2000                vector213
                0x00fc2000                vector985
                0x00fc2000                vector419
                0x00fc2000                vector162
                0x00fc2000                vector512
                0x00fc2000                vector718
                0x00fc2000                vector762
                0x00fc2000                vector795
                0x00fc2000                vector91
                0x00fc2000                vector33
                0x00fc2000                vector156
                0x00fc2000                vector975
                0x00fc2000                vector615
                0x00fc2000                vector348
                0x00fc2000                vector141
                0x00fc2000                vector812
                0x00fc2000                vector859
                0x00fc2000                vector961
                0x00fc2000                vector404
                0x00fc2000                vector954
                0x00fc2000                vector770
                0x00fc2000                vector819
                0x00fc2000                vector783
                0x00fc2000                vector214
                0x00fc2000                vector870
                0x00fc2000                vector99
                0x00fc2000                vector740
                0x00fc2000                vector919
                0x00fc2000                vector522
                0x00fc2000                vector3
                0x00fc2000                vector2
                0x00fc2000                vector359
                0x00fc2000                vector833
                0x00fc2000                vector565
                0x00fc2000                vector253
                0x00fc2000                vector623
                0x00fc2000                vector876
                0x00fc2000                vector172
                0x00fc2000                vector877
                0x00fc2000                vector461
                0x00fc2000                vector611
                0x00fc2000                vector241
                0x00fc2000                vector999
                0x00fc2000                vector257
                0x00fc2000                vector431
                0x00fc2000                vector380
                0x00fc2000                vector862
                0x00fc2000                vector24
                0x00fc2000                vector111
                0x00fc2000                vector802
                0x00fc2000                vector7
                0x00fc2000                vector189
                0x00fc2000                vector816
                0x00fc2000                vector306
                0x00fc2000                vector1014
                0x00fc2000                vector539
                0x00fc2000                vector475
                0x00fc2000                vector711
                0x00fc2000                vector930
                0x00fc2000                vector200
                0x00fc2000                vector773
                0x00fc2000                vector138
                0x00fc2000                vector864
                0x00fc2000                vector74
                0x00fc2000                vector627
                0x00fc2000                vector562
                0x00fc2000                vector974
                0x00fc2000                vector928
                0x00fc2000                vector655
                0x00fc2000                vector285
                0x00fc2000                vector414
                0x00fc2000                vector476
                0x00fc2000                vector736
                0x00fc2000                vector839
                0x00fc2000                vector989
                0x00fc2000                vector384
                0x00fc2000                vector734
                0x00fc2000                vector601
                0x00fc2000                vector231
                0x00fc2000                vector968
                0x00fc2000                vector278
                0x00fc2000                vector648
                0x00fc2000                vector1020
                0x00fc2000                vector932
                0x00fc2000                vector329
                0x00fc2000                vector747
                0x00fc2000                vector606
                0x00fc2000                vector236
                0x00fc2000                vector29
                0x00fc2000                vector135
                0x00fc2000                vector796
                0x00fc2000                vector463
                0x00fc2000                vector180
                0x00fc2000                vector632
                0x00fc2000                vector262
                0x00fc2000                vector996
                0x00fc2000                vector530
                0x00fc2000                vector408
                0x00fc2000                vector77
                0x00fc2000                vector420
                0x00fc2000                vector314
                0x00fc2000                vector771
                0x00fc2000                vector357
                0x00fc2000                vector925
                0x00fc2000                vector488
                0x00fc2000                vector779
                0x00fc2000                vector962
                0x00fc2000                vector903
                0x00fc2000                vector554
                0x00fc2000                vector327
                0x00fc2000                vector374
                0x00fc2000                vector811
                0x00fc2000                vector100
                0x00fc2000                vector394
                0x00fc2000                vector331
                0x00fc2000                vector9
                0x00fc2000                vector860
                0x00fc2000                vector142
                0x00fc2000                vector458
                0x00fc2000                vector201
                0x00fc2000                vector745
                0x00fc2000                vector935
                0x00fc2000                vector470
                0x00fc2000                vector758
                0x00fc2000                vector977
                0x00fc2000                vector473
                0x00fc2000                vector23
                0x00fc2000                vector678
                0x00fc2000                vector445
                0x00fc2000                vector261
                0x00fc2000                vector792
                0x00fc2000                vector597
                0x00fc2000                vector361
                0x00fc2000                vector845
                0x00fc2000                vector631
                0x00fc2000                vector751
                0x00fc2000                vector208
                0x00fc2000                vector482
                0x00fc2000                vector696
                0x00fc2000                vector443
                0x00fc2000                vector145
                0x00fc2000                vector777
                0x00fc2000                vector964
                0x00fc2000                vector853
                0x00fc2000                vector422
                0x00fc2000                vector570
                0x00fc2000                vector896
                0x00fc2000                vector651
                0x00fc2000                vector281
                0x00fc2000                vector805
                0x00fc2000                vector1021
                0x00fc2000                vector107
                0x00fc2000                vector40
                0x00fc2000                vector732
                0x00fc2000                vector1010
                0x00fc2000                vector724
                0x00fc2000                vector746
                0x00fc2000                vector855
                0x00fc2000                vector963
                0x00fc2000                vector921
                0x00fc2000                vector700
                0x00fc2000                vector102
                0x00fc2000                vector486
                0x00fc2000                vector465
                0x00fc2000                vector898
                0x00fc2000                vector789
                0x00fc2000                vector301
                0x00fc2000                vector730
                0x00fc2000                vector297
                0x00fc2000                vector526
                0x00fc2000                vector176
                0x00fc2000                vector857
                0x00fc2000                vector544
                0x00fc2000                vector194
                0x00fc2000                vector396
                0x00fc2000                vector97
                0x00fc2000                vector98
                0x00fc2000                vector438
                0x00fc2000                vector573
                0x00fc2000                vector707
                0x00fc2000                vector784
                0x00fc2000                vector402
                0x00fc2000                vector32
                0x00fc2000                vector693
                0x00fc2000                vector951
                0x00fc2000                vector622
                0x00fc2000                vector252
                0x00fc2000                vector0
                0x00fc2000                vector828
                0x00fc2000                vector667
                0x00fc2000                vector775
                0x00fc2000                vector131
                0x00fc2000                vector589
                0x00fc2000                vector810
                0x00fc2000                vector549
                0x00fc2000                vector199
                0x00fc2000                vector741
                0x00fc2000                vector448
                0x00fc2000                vector705
                0x00fc2000                vector858
                0x00fc2000                vector409
                0x00fc2000                vector688
                0x00fc2000                vector313
                0x00fc2000                vector895
                0x00fc2000                vector483
                0x00fc2000                vector840
                0x00fc2000                vector440
                0x00fc2000                vector793
                0x00fc2000                vector885
                0x00fc2000                vector125
                0x00fc2000                vector1016
                0x00fc2000                vector645
                0x00fc2000                vector275
                0x00fc2000                vector813
                0x00fc2000                vector702
                0x00fc2000                vector391
                0x00fc2000                vector196
                0x00fc2000                vector588
                0x00fc2000                vector660
                0x00fc2000                vector290
                0x00fc2000                vector629
                0x00fc2000                vector546
                0x00fc2000                vector193
                0x00fc2000                vector875
                0x00fc2000                vector324
                0x00fc2000                vector981
                0x00fc2000                vector356
                0x00fc2000                vector216
                0x00fc2000                vector26
                0x00fc2000                vector113
                0x00fc2000                vector35
                0x00fc2000                vector733
                0x00fc2000                vector778
                0x00fc2000                vector614
                0x00fc2000                vector1006
                0x00fc2000                vector140
                0x00fc2000                vector92
                0x00fc2000                vector305
                0x00fc2000                vector846
                0x00fc2000                vector610
                0x00fc2000                vector240
                0x00fc2000                vector791
                0x00fc2000                vector19
                0x00fc2000                vector453
                0x00fc2000                vector498
                0x00fc2000                vector806
                0x00fc2000                vector797
                0x00fc2000                vector39
                0x00fc2000                vector518
                0x00fc2000                vector168
                0x00fc2000                vector592
                0x00fc2000                vector871
                0x00fc2000                vector428
                0x00fc2000                vector673
                0x00fc2000                vector752
                0x00fc2000                vector45
                0x00fc2000                vector79
                0x00fc2000                vector229
                0x00fc2000                vector508
                0x00fc2000                vector158
                0x00fc2000                vector259
                0x00fc2000                vector209
                0x00fc2000                vector369
                0x00fc2000                vector856
                0x00fc2000                vector672
                0x00fc2000                vector576
                0x00fc2000                vector899
                0x00fc2000                vector47
                0x00fc2000                vector212
                0x00fc2000                vector159
                0x00fc2000                vector509
                0x00fc2000                vector558
                0x00fc2000                vector574
                0x00fc2000                vector825
                0x00fc2000                vector533
                0x00fc2000                vector183
                0x00fc2000                vector948
                0x00fc2000                vector228
                0x00fc2000                vector42
                0x00fc2000                vector958
                0x00fc2000                vector377
                0x00fc2000                vector130
                0x00fc2000                vector788
                0x00fc2000                vector616
                0x00fc2000                vector913
                0x00fc2000                vector143
                0x00fc2000                vector175
                0x00fc2000                vector334
                0x00fc2000                vector114
                0x00fc2000                vector901
                0x00fc2000                vector674
                0x00fc2000                vector525
                0x00fc2000                vector84
                0x00fc2000                vector85
                0x00fc2000                vector399
                0x00fc2000                vector1004
                0x00fc2000                vector832
                0x00fc2000                vector395
                0x00fc2000                vector520
                0x00fc2000                vector706
                0x00fc2000                vector4
                0x00fc2000                vector691
                0x00fc2000                vector433
                0x00fc2000                vector917
                0x00fc2000                vector852
                0x00fc2000                vector478
                0x00fc2000                vector965
                0x00fc2000                vector170
                0x00fc2000                vector136
                0x00fc2000                vector10
                0x00fc2000                vector371
                0x00fc2000                vector531
                0x00fc2000                vector181
                0x00fc2000                vector890
                0x00fc2000                vector801
                0x00fc2000                vector317
                0x00fc2000                vector400
                0x00fc2000                vector255
                0x00fc2000                vector808
                0x00fc2000                vector206
                0x00fc2000                vector560
                0x00fc2000                vector922
                0x00fc2000                vector625
                0x00fc2000                vector884

constructors    0x00fc2004        0x0
                [!provide]                PROVIDE (__init_array_start, .)
 *(SORT(.init_array.*))
 *(.init_array)
                [!provide]                PROVIDE (__init_array_end, .)

destructors     0x00fc2004        0x0
                [!provide]                PROVIDE (__fini_array_start, .)
 *(.fini_array)
 *(SORT(.fini_array.*))
                [!provide]                PROVIDE (__fini_array_end, .)

.text_vle
 *(.text_vle)
 *(.text_vle.*)
 *(.gnu.linkonce.t_vle.*)

.text           0x00fc2010     0x3686
 *(.text)
 .text          0x00fc2010       0x44 c:/spc5studio-6.0/eclipse/plugins/com.st.tools.spc5.tools.gnu.gcc.ppcvle.win32_4.9.4.20200908161514/toolchain/bin/../lib/gcc/powerpc-eabivle/4.9.4/e200z2\libgcc.a(_fixunssfsi.o)
                0x00fc2010                __fixunssfsi
 *fill*         0x00fc2054        0xc 
 .text          0x00fc2060      0x242 c:/spc5studio-6.0/eclipse/plugins/com.st.tools.spc5.tools.gnu.gcc.ppcvle.win32_4.9.4.20200908161514/toolchain/bin/../lib/gcc/powerpc-eabivle/4.9.4/e200z2\libgcc.a(_addsub_sf.o)
                0x00fc2204                __addsf3
                0x00fc2250                __subsf3
 *fill*         0x00fc22a2        0xe 
 .text          0x00fc22b0      0x17e c:/spc5studio-6.0/eclipse/plugins/com.st.tools.spc5.tools.gnu.gcc.ppcvle.win32_4.9.4.20200908161514/toolchain/bin/../lib/gcc/powerpc-eabivle/4.9.4/e200z2\libgcc.a(_mul_sf.o)
                0x00fc22b0                __mulsf3
 *fill*         0x00fc242e        0x2 
 .text          0x00fc2430       0xfc c:/spc5studio-6.0/eclipse/plugins/com.st.tools.spc5.tools.gnu.gcc.ppcvle.win32_4.9.4.20200908161514/toolchain/bin/../lib/gcc/powerpc-eabivle/4.9.4/e200z2\libgcc.a(_div_sf.o)
                0x00fc2430                __divsf3
 *fill*         0x00fc252c        0x4 
 .text          0x00fc2530       0x5a c:/spc5studio-6.0/eclipse/plugins/com.st.tools.spc5.tools.gnu.gcc.ppcvle.win32_4.9.4.20200908161514/toolchain/bin/../lib/gcc/powerpc-eabivle/4.9.4/e200z2\libgcc.a(_ge_sf.o)
                0x00fc2530                __gesf2
 *fill*         0x00fc258a        0x6 
 .text          0x00fc2590       0x5a c:/spc5studio-6.0/eclipse/plugins/com.st.tools.spc5.tools.gnu.gcc.ppcvle.win32_4.9.4.20200908161514/toolchain/bin/../lib/gcc/powerpc-eabivle/4.9.4/e200z2\libgcc.a(_le_sf.o)
                0x00fc2590                __lesf2
 *fill*         0x00fc25ea        0x6 
 .text          0x00fc25f0       0x88 c:/spc5studio-6.0/eclipse/plugins/com.st.tools.spc5.tools.gnu.gcc.ppcvle.win32_4.9.4.20200908161514/toolchain/bin/../lib/gcc/powerpc-eabivle/4.9.4/e200z2\libgcc.a(_sf_to_si.o)
                0x00fc25f0                __fixsfsi
 *fill*         0x00fc2678        0x8 
 .text          0x00fc2680      0x118 c:/spc5studio-6.0/eclipse/plugins/com.st.tools.spc5.tools.gnu.gcc.ppcvle.win32_4.9.4.20200908161514/toolchain/bin/../lib/gcc/powerpc-eabivle/4.9.4/e200z2\libgcc.a(_pack_sf.o)
                0x00fc2680                __pack_f
 *fill*         0x00fc2798        0x8 
 .text          0x00fc27a0       0x80 c:/spc5studio-6.0/eclipse/plugins/com.st.tools.spc5.tools.gnu.gcc.ppcvle.win32_4.9.4.20200908161514/toolchain/bin/../lib/gcc/powerpc-eabivle/4.9.4/e200z2\libgcc.a(_unpack_sf.o)
                0x00fc27a0                __unpack_f
 .text          0x00fc2820       0xa2 c:/spc5studio-6.0/eclipse/plugins/com.st.tools.spc5.tools.gnu.gcc.ppcvle.win32_4.9.4.20200908161514/toolchain/bin/../lib/gcc/powerpc-eabivle/4.9.4/e200z2\libgcc.a(_fpcmp_parts_sf.o)
                0x00fc2820                __fpcmp_parts_f
 *(.text.*)
 *fill*         0x00fc28c2        0xe 
 .text.spc5LLDInit
                0x00fc28d0       0x1a build/obj/spc5_lld.o
                0x00fc28d0                spc5LLDInit
 *fill*         0x00fc28ea        0x6 
 .text.vector52
                0x00fc28f0       0x6c build/obj/spc5_edma.o
                0x00fc28f0                vector52
 *fill*         0x00fc295c        0x4 
 .text.vector53
                0x00fc2960       0x5c build/obj/spc5_edma.o
                0x00fc2960                vector53
 *fill*         0x00fc29bc        0x4 
 .text.vector54
                0x00fc29c0       0x5c build/obj/spc5_edma.o
                0x00fc29c0                vector54
 *fill*         0x00fc2a1c        0x4 
 .text.vector55
                0x00fc2a20       0x5c build/obj/spc5_edma.o
                0x00fc2a20                vector55
 *fill*         0x00fc2a7c        0x4 
 .text.vector56
                0x00fc2a80       0x5c build/obj/spc5_edma.o
                0x00fc2a80                vector56
 *fill*         0x00fc2adc        0x4 
 .text.vector57
                0x00fc2ae0       0x5c build/obj/spc5_edma.o
                0x00fc2ae0                vector57
 *fill*         0x00fc2b3c        0x4 
 .text.vector58
                0x00fc2b40       0x5c build/obj/spc5_edma.o
                0x00fc2b40                vector58
 *fill*         0x00fc2b9c        0x4 
 .text.vector59
                0x00fc2ba0       0x5c build/obj/spc5_edma.o
                0x00fc2ba0                vector59
 *fill*         0x00fc2bfc        0x4 
 .text.vector60
                0x00fc2c00       0x5c build/obj/spc5_edma.o
                0x00fc2c00                vector60
 *fill*         0x00fc2c5c        0x4 
 .text.vector61
                0x00fc2c60       0x5c build/obj/spc5_edma.o
                0x00fc2c60                vector61
 *fill*         0x00fc2cbc        0x4 
 .text.vector62
                0x00fc2cc0       0x5c build/obj/spc5_edma.o
                0x00fc2cc0                vector62
 *fill*         0x00fc2d1c        0x4 
 .text.vector63
                0x00fc2d20       0x5c build/obj/spc5_edma.o
                0x00fc2d20                vector63
 *fill*         0x00fc2d7c        0x4 
 .text.vector64
                0x00fc2d80       0x5c build/obj/spc5_edma.o
                0x00fc2d80                vector64
 *fill*         0x00fc2ddc        0x4 
 .text.vector65
                0x00fc2de0       0x5c build/obj/spc5_edma.o
                0x00fc2de0                vector65
 *fill*         0x00fc2e3c        0x4 
 .text.vector66
                0x00fc2e40       0x5c build/obj/spc5_edma.o
                0x00fc2e40                vector66
 *fill*         0x00fc2e9c        0x4 
 .text.vector67
                0x00fc2ea0       0x5c build/obj/spc5_edma.o
                0x00fc2ea0                vector67
 *fill*         0x00fc2efc        0x4 
 .text.vector68
                0x00fc2f00       0x5c build/obj/spc5_edma.o
                0x00fc2f00                vector68
 *fill*         0x00fc2f5c        0x4 
 .text.edmaInit
                0x00fc2f60       0x56 build/obj/spc5_edma.o
                0x00fc2f60                edmaInit
 *fill*         0x00fc2fb6        0xa 
 .text.can_lld_getframesize
                0x00fc2fc0       0x3e build/obj/can_lld.o
                0x00fc2fc0                can_lld_getframesize
 *fill*         0x00fc2ffe        0x2 
 .text.can_lld_readBuffer
                0x00fc3000      0x12a build/obj/can_lld.o
                0x00fc3000                can_lld_readBuffer
 *fill*         0x00fc312a        0x6 
 .text.can_lld_getDLC
                0x00fc3130       0x48 build/obj/can_lld.o
                0x00fc3130                can_lld_getDLC
 *fill*         0x00fc3178        0x8 
 .text.can_lld_writeTxBuffer
                0x00fc3180      0x108 build/obj/can_lld.o
                0x00fc3180                can_lld_writeTxBuffer
 *fill*         0x00fc3288        0x8 
 .text.vector694
                0x00fc3290      0x4e6 build/obj/can_lld.o
                0x00fc3290                vector694
 *fill*         0x00fc3776        0xa 
 .text.vector695
                0x00fc3780      0x4a4 build/obj/can_lld.o
                0x00fc3780                vector695
 *fill*         0x00fc3c24        0xc 
 .text.can_lld_init
                0x00fc3c30       0x5e build/obj/can_lld.o
                0x00fc3c30                can_lld_init
 *fill*         0x00fc3c8e        0x2 
 .text.can_lld_start
                0x00fc3c90      0x734 build/obj/can_lld.o
                0x00fc3c90                can_lld_start
 *fill*         0x00fc43c4        0xc 
 .text.can_lld_transmit
                0x00fc43d0      0x120 build/obj/can_lld.o
                0x00fc43d0                can_lld_transmit
 .text.vector543
                0x00fc44f0      0x116 build/obj/saradc_lld.o
                0x00fc44f0                vector543
 *fill*         0x00fc4606        0xa 
 .text.saradc_lld_init
                0x00fc4610       0x2a build/obj/saradc_lld.o
                0x00fc4610                saradc_lld_init
 *fill*         0x00fc463a        0x6 
 .text.saradc_lld_start
                0x00fc4640      0x3be build/obj/saradc_lld.o
                0x00fc4640                saradc_lld_start
 *fill*         0x00fc49fe        0x2 
 .text.saradc_lld_start_conversion
                0x00fc4a00        0xe build/obj/saradc_lld.o
                0x00fc4a00                saradc_lld_start_conversion
 *fill*         0x00fc4a0e        0x2 
 .text.saradc_lld_readchannel
                0x00fc4a10       0x3a build/obj/saradc_lld.o
                0x00fc4a10                saradc_lld_readchannel
 *fill*         0x00fc4a4a        0x6 
 .text.pal_init
                0x00fc4a50      0x104 build/obj/pal.o
                0x00fc4a50                pal_init
 *fill*         0x00fc4b54        0xc 
 .text.clockInit
                0x00fc4b60       0x32 build/obj/clock.o
                0x00fc4b60                clockInit
 *fill*         0x00fc4b92        0xe 
 .text.spc_clock_init
                0x00fc4ba0      0x304 build/obj/clock.o
                0x00fc4ba0                spc_clock_init
 *fill*         0x00fc4ea4        0xc 
 .text.__early_init
                0x00fc4eb0        0x4 build/obj/clock.o
                0x00fc4eb0                __early_init
 *fill*         0x00fc4eb4        0xc 
 .text.SPCSetPeripheralClockMode
                0x00fc4ec0       0x40 build/obj/clock.o
                0x00fc4ec0                SPCSetPeripheralClockMode
 .text.irqInit  0x00fc4f00       0x2a build/obj/irq.o
                0x00fc4f00                irqInit
 *fill*         0x00fc4f2a        0x6 
 .text.irqSysHalt
                0x00fc4f30        0x8 build/obj/irq.o
                0x00fc4f30                irqSysHalt
 *fill*         0x00fc4f38        0x8 
 .text.vector243
                0x00fc4f40       0xa6 build/obj/eirq.o
                0x00fc4f40                vector243
 *fill*         0x00fc4fe6        0xa 
 .text.vector244
                0x00fc4ff0       0xa6 build/obj/eirq.o
                0x00fc4ff0                vector244
 *fill*         0x00fc5096        0xa 
 .text.vector245
                0x00fc50a0       0xa6 build/obj/eirq.o
                0x00fc50a0                vector245
 *fill*         0x00fc5146        0xa 
 .text.vector246
                0x00fc5150       0xa6 build/obj/eirq.o
                0x00fc5150                vector246
 *fill*         0x00fc51f6        0xa 
 .text.eirqInit
                0x00fc5200       0xf4 build/obj/eirq.o
                0x00fc5200                eirqInit
 *fill*         0x00fc52f4        0xc 
 .text.osalSysTimeDelayTicks
                0x00fc5300       0x18 build/obj/osal.o
 *fill*         0x00fc5318        0x8 
 .text.osalSysTimeGetTicks
                0x00fc5320        0xa build/obj/osal.o
 *fill*         0x00fc532a        0x6 
 .text.osalIsrEnable
                0x00fc5330       0x2a build/obj/osal.o
 *fill*         0x00fc535a        0x6 
 .text.osalIsrDisable
                0x00fc5360       0x32 build/obj/osal.o
 *fill*         0x00fc5392        0xe 
 .text.vector226
                0x00fc53a0       0x12 build/obj/osal.o
                0x00fc53a0                vector226
 *fill*         0x00fc53b2        0xe 
 .text.osalThreadDelayMilliseconds
                0x00fc53c0       0x34 build/obj/osal.o
                0x00fc53c0                osalThreadDelayMilliseconds
 *fill*         0x00fc53f4        0xc 
 .text.osalInit
                0x00fc5400       0x6c build/obj/osal.o
                0x00fc5400                osalInit
 *fill*         0x00fc546c        0x4 
 .text.sysTimeSetup
                0x00fc5470       0x58 build/obj/systimer.o
                0x00fc5470                sysTimeSetup
 *fill*         0x00fc54c8        0x8 
 .text.sysTimeReset
                0x00fc54d0       0x18 build/obj/systimer.o
                0x00fc54d0                sysTimeReset
 *fill*         0x00fc54e8        0x8 
 .text.boardInit
                0x00fc54f0        0xc build/obj/board.o
                0x00fc54f0                boardInit
 *fill*         0x00fc54fc        0x4 
 .text.irq_cfg_init
                0x00fc5500        0x2 build/obj/irq_cfg.o
                0x00fc5500                irq_cfg_init
 *fill*         0x00fc5502        0xe 
 .text.ADC_init
                0x00fc5510       0x2e build/obj/main.o
                0x00fc5510                ADC_init
 *fill*         0x00fc553e        0x2 
 .text.saradcconf_conv_cb
                0x00fc5540       0x48 build/obj/main.o
                0x00fc5540                saradcconf_conv_cb
 *fill*         0x00fc5588        0x8 
 .text.CAN_init
                0x00fc5590       0x3c build/obj/main.o
                0x00fc5590                CAN_init
 *fill*         0x00fc55cc        0x4 
 .text.mcanconf_rxcb
                0x00fc55d0       0x22 build/obj/main.o
                0x00fc55d0                mcanconf_rxcb
 *fill*         0x00fc55f2        0xe 
 .text.startup.main
                0x00fc5600       0x4e build/obj/main.o
                0x00fc5600                main
 *fill*         0x00fc564e        0x2 
 .text.componentsInit
                0x00fc5650       0x26 build/obj/components.o
                0x00fc5650                componentsInit
 *fill*         0x00fc5676        0xa 
 .text.memset   0x00fc5680       0x16 c:/spc5studio-6.0/eclipse/plugins/com.st.tools.spc5.tools.gnu.gcc.ppcvle.win32_4.9.4.20200908161514/toolchain/bin/../lib/gcc/powerpc-eabivle/4.9.4/../../../../powerpc-eabivle/lib/e200z2\libc.a(lib_a-memset.o)
                0x00fc5680                memset
 *(.gnu.linkonce.t.*)

.glink          0x00fc5696        0x0
 .glink         0x00fc5696        0x0 build/obj/boot.o

.rodata         0x00fc56a0       0x3c
 *(.glue_7t)
 *(.glue_7)
 *(.gcc*)
 *(.rodata)
 .rodata        0x00fc56a0       0x10 c:/spc5studio-6.0/eclipse/plugins/com.st.tools.spc5.tools.gnu.gcc.ppcvle.win32_4.9.4.20200908161514/toolchain/bin/../lib/gcc/powerpc-eabivle/4.9.4/e200z2\libgcc.a(_thenan_sf.o)
                0x00fc56a0                __thenan_sf
 *(.rodata.*)
 .rodata.dma1_g0
                0x00fc56b0       0x10 build/obj/spc5_edma.o
 .rodata.can_lld_getframesize
                0x00fc56c0       0x1c build/obj/can_lld.o
 *(.rodata1)

.sdata2         0x00fc56e0        0x0
                0x00fcd6e0                __sdata2_start__ = (. + 0x8000)
 *(.sdata2)
 .sdata2        0x00fc56e0        0x0 build/obj/boot.o
 *(.sdata2.*)
 *(.gnu.linkonce.s2.*)
 *(.sbss2)
 *(.sbss2.*)
 *(.gnu.linkonce.sb2.*)

.eh_frame_hdr
 *(.eh_frame_hdr)

.eh_frame       0x00fc56e0        0x0
 *(.eh_frame)
 .eh_frame      0x00fc56e0        0x0 build/obj/boot.o

.rela.dyn       0x00fc56e0        0x0
 .rela.iplt     0x00fc56e0        0x0 build/obj/boot.o
 .rela.vectors  0x00fc56e0        0x0 build/obj/boot.o
 .rela.text.manage_eirq_interrupt
                0x00fc56e0        0x0 build/obj/boot.o
 .rela.text.vector243
                0x00fc56e0        0x0 build/obj/boot.o
 .rela.text.vector244
                0x00fc56e0        0x0 build/obj/boot.o
 .rela.text.vector245
                0x00fc56e0        0x0 build/obj/boot.o
 .rela.text.vector246
                0x00fc56e0        0x0 build/obj/boot.o
 .rela.text.eirqInit
                0x00fc56e0        0x0 build/obj/boot.o
 .rela.data.can_config_mcanconf
                0x00fc56e0        0x0 build/obj/boot.o
 .rela.data.saradc_config_saradcconf
                0x00fc56e0        0x0 build/obj/boot.o
 .rela.text     0x00fc56e0        0x0 build/obj/boot.o

.romdata        0x00fc56e0        0x0
                0x00fc56e0                __romdata_start__ = .

.stacks         0x400a8000     0x1000
                0x400a8000                . = ALIGN (0x8)
                0x400a8000                __irq_stack_base__ = .
                0x400a8000                . = (. + __irq_stack_size__)
                0x400a8000                . = ALIGN (0x8)
                0x400a8000                __irq_stack_end__ = .
                0x400a8000                __process_stack_base__ = .
                0x400a8000                __main_thread_stack_base__ = .
                0x400a9000                . = (. + __process_stack_size__)
 *fill*         0x400a8000     0x1000 
                0x400a9000                . = ALIGN (0x8)
                0x400a9000                __process_stack_end__ = .
                0x400a9000                __main_thread_stack_end__ = .

.data           0x400a9000      0x27c load address 0x00fc56e0
                0x400a9000                . = ALIGN (0x4)
                0x400a9000                __data_start__ = .
 *(.data)
 *(.data.*)
 .data.can_config_mcanconf
                0x400a9000       0xa0 build/obj/can_lld_cfg.o
                0x400a9000                can_config_mcanconf
 .data._saradcconf_ch_configs
                0x400a90a0       0x30 build/obj/saradc_lld_cfg.o
 .data.saradc_config_saradcconf
                0x400a90d0       0x3c build/obj/saradc_lld_cfg.o
                0x400a90d0                saradc_config_saradcconf
 .data.spc_mscr_io_init
                0x400a910c      0x144 build/obj/board.o
 .data.pal_default_config
                0x400a9250        0x8 build/obj/board.o
 .data.spc_mscr_mux_init
                0x400a9258       0x18 build/obj/board.o
 .data.eirqconf
                0x400a9270        0x8 build/obj/eirq_cfg.o
                0x400a9270                eirqconf
 .data.anp      0x400a9278        0x4 build/obj/main.o
                0x400a9278                anp
 *(.gnu.linkonce.d.*)

.sdata          0x400a927c        0x0 load address 0x00fc595c
                0x400a927c                . = ALIGN (0x4)
                0x400b127c                __sdata_start__ = (. + 0x8000)
 *(.sdata)
 .sdata         0x400a927c        0x0 build/obj/boot.o
                0x400b127c                _SDA_BASE_
 *(.sdata.*)
 *(.gnu.linkonce.s.*)
                0x400a927c                __data_end__ = .

.sbss           0x400a927c        0x0
                0x400a927c                __bss_start__ = .
 *(.sbss)
 *(.sbss.*)
 *(.gnu.linkonce.sb.*)
 *(.scommon)

.bss            0x400a927c       0xc4 load address 0x00fc595c
 *(.bss)
 *(.bss.*)
 .bss.channels  0x400a927c       0x40 build/obj/spc5_edma.o
 .bss.CAND7     0x400a92bc       0x10 build/obj/can_lld.o
                0x400a92bc                CAND7
 .bss.SARADC12DSV
                0x400a92cc        0xc build/obj/saradc_lld.o
                0x400a92cc                SARADC12DSV
 .bss.osalIsExtIntEnable
                0x400a92d8        0x4 build/obj/osal.o
 .bss.osalsystime
                0x400a92dc        0x4 build/obj/osal.o
 .bss.osal_ticks_per_sec
                0x400a92e0        0x4 build/obj/osal.o
 .bss.osalTimeOps
                0x400a92e4       0x30 build/obj/osal.o
 .bss.osalIsrCnt
                0x400a9314        0x4 build/obj/osal.o
 .bss.value     0x400a9318       0x10 build/obj/main.o
                0x400a9318                value
 .bss.can_message
                0x400a9328        0x1 build/obj/main.o
                0x400a9328                can_message
 *fill*         0x400a9329        0x3 
 .bss.txf       0x400a932c       0x14 build/obj/main.o
                0x400a932c                txf
 *(.gnu.linkonce.b.*)
 *(COMMON)
                0x400a9340                __bss_end__ = .
                0x400a9340                __heap_base__ = __bss_end__
                0x400c0000                __heap_end__ = __ram_end__
LOAD c:/spc5studio-6.0/eclipse/plugins/com.st.tools.spc5.tools.gnu.gcc.ppcvle.win32_4.9.4.20200908161514/toolchain/bin/../lib/gcc/powerpc-eabivle/4.9.4/e200z2\libgcc.a
LOAD c:/spc5studio-6.0/eclipse/plugins/com.st.tools.spc5.tools.gnu.gcc.ppcvle.win32_4.9.4.20200908161514/toolchain/bin/../lib/gcc/powerpc-eabivle/4.9.4/../../../../powerpc-eabivle/lib/e200z2\libc.a
LOAD c:/spc5studio-6.0/eclipse/plugins/com.st.tools.spc5.tools.gnu.gcc.ppcvle.win32_4.9.4.20200908161514/toolchain/bin/../lib/gcc/powerpc-eabivle/4.9.4/e200z2\libgcc.a
OUTPUT(build/out.elf elf32-powerpc)

.iplt           0x400a9340        0x0 load address 0x00fc5a20
 .iplt          0x400a9340        0x0 build/obj/boot.o

.PPC.EMB.apuinfo
                0x00000000       0x1c
 .PPC.EMB.apuinfo
                0x00000000       0x18 build/obj/boot.o
 .PPC.EMB.apuinfo
                0x00000018       0x18 build/obj/crt0.o
 .PPC.EMB.apuinfo
                0x00000030       0x18 build/obj/vectors.o
 .PPC.EMB.apuinfo
                0x00000048       0x18 build/obj/ivor.o
 .PPC.EMB.apuinfo
                0x00000060       0x18 build/obj/spc5_lld.o
 .PPC.EMB.apuinfo
                0x00000078       0x18 build/obj/spc5_edma.o
 .PPC.EMB.apuinfo
                0x00000090       0x1c build/obj/can_lld.o
 .PPC.EMB.apuinfo
                0x000000ac       0x18 build/obj/saradc_lld.o
 .PPC.EMB.apuinfo
                0x000000c4       0x18 build/obj/pal.o
 .PPC.EMB.apuinfo
                0x000000dc       0x18 build/obj/clock.o
 .PPC.EMB.apuinfo
                0x000000f4       0x18 build/obj/irq.o
 .PPC.EMB.apuinfo
                0x0000010c       0x18 build/obj/eirq.o
 .PPC.EMB.apuinfo
                0x00000124       0x18 build/obj/swirq.o
 .PPC.EMB.apuinfo
                0x0000013c       0x18 build/obj/osal.o
 .PPC.EMB.apuinfo
                0x00000154       0x18 build/obj/systimer.o
 .PPC.EMB.apuinfo
                0x0000016c       0x18 build/obj/board.o
 .PPC.EMB.apuinfo
                0x00000184       0x18 build/obj/irq_cfg.o
 .PPC.EMB.apuinfo
                0x0000019c       0x18 build/obj/swirq_cfg.o
 .PPC.EMB.apuinfo
                0x000001b4       0x18 build/obj/main.o
 .PPC.EMB.apuinfo
                0x000001cc       0x18 build/obj/components.o
 .PPC.EMB.apuinfo
                0x000001e4       0x18 c:/spc5studio-6.0/eclipse/plugins/com.st.tools.spc5.tools.gnu.gcc.ppcvle.win32_4.9.4.20200908161514/toolchain/bin/../lib/gcc/powerpc-eabivle/4.9.4/../../../../powerpc-eabivle/lib/e200z2\libc.a(lib_a-memset.o)
 .PPC.EMB.apuinfo
                0x000001fc       0x18 c:/spc5studio-6.0/eclipse/plugins/com.st.tools.spc5.tools.gnu.gcc.ppcvle.win32_4.9.4.20200908161514/toolchain/bin/../lib/gcc/powerpc-eabivle/4.9.4/e200z2\libgcc.a(_fixunssfsi.o)
 .PPC.EMB.apuinfo
                0x00000214       0x1c c:/spc5studio-6.0/eclipse/plugins/com.st.tools.spc5.tools.gnu.gcc.ppcvle.win32_4.9.4.20200908161514/toolchain/bin/../lib/gcc/powerpc-eabivle/4.9.4/e200z2\libgcc.a(_addsub_sf.o)
 .PPC.EMB.apuinfo
                0x00000230       0x1c c:/spc5studio-6.0/eclipse/plugins/com.st.tools.spc5.tools.gnu.gcc.ppcvle.win32_4.9.4.20200908161514/toolchain/bin/../lib/gcc/powerpc-eabivle/4.9.4/e200z2\libgcc.a(_mul_sf.o)
 .PPC.EMB.apuinfo
                0x0000024c       0x18 c:/spc5studio-6.0/eclipse/plugins/com.st.tools.spc5.tools.gnu.gcc.ppcvle.win32_4.9.4.20200908161514/toolchain/bin/../lib/gcc/powerpc-eabivle/4.9.4/e200z2\libgcc.a(_div_sf.o)
 .PPC.EMB.apuinfo
                0x00000264       0x18 c:/spc5studio-6.0/eclipse/plugins/com.st.tools.spc5.tools.gnu.gcc.ppcvle.win32_4.9.4.20200908161514/toolchain/bin/../lib/gcc/powerpc-eabivle/4.9.4/e200z2\libgcc.a(_ge_sf.o)
 .PPC.EMB.apuinfo
                0x0000027c       0x18 c:/spc5studio-6.0/eclipse/plugins/com.st.tools.spc5.tools.gnu.gcc.ppcvle.win32_4.9.4.20200908161514/toolchain/bin/../lib/gcc/powerpc-eabivle/4.9.4/e200z2\libgcc.a(_le_sf.o)
 .PPC.EMB.apuinfo
                0x00000294       0x1c c:/spc5studio-6.0/eclipse/plugins/com.st.tools.spc5.tools.gnu.gcc.ppcvle.win32_4.9.4.20200908161514/toolchain/bin/../lib/gcc/powerpc-eabivle/4.9.4/e200z2\libgcc.a(_sf_to_si.o)
 .PPC.EMB.apuinfo
                0x000002b0       0x18 c:/spc5studio-6.0/eclipse/plugins/com.st.tools.spc5.tools.gnu.gcc.ppcvle.win32_4.9.4.20200908161514/toolchain/bin/../lib/gcc/powerpc-eabivle/4.9.4/e200z2\libgcc.a(_pack_sf.o)
 .PPC.EMB.apuinfo
                0x000002c8       0x18 c:/spc5studio-6.0/eclipse/plugins/com.st.tools.spc5.tools.gnu.gcc.ppcvle.win32_4.9.4.20200908161514/toolchain/bin/../lib/gcc/powerpc-eabivle/4.9.4/e200z2\libgcc.a(_unpack_sf.o)
 .PPC.EMB.apuinfo
                0x000002e0       0x1c c:/spc5studio-6.0/eclipse/plugins/com.st.tools.spc5.tools.gnu.gcc.ppcvle.win32_4.9.4.20200908161514/toolchain/bin/../lib/gcc/powerpc-eabivle/4.9.4/e200z2\libgcc.a(_fpcmp_parts_sf.o)

.comment        0x00000000       0x8e
 .comment       0x00000000       0x8e build/obj/spc5_lld.o
                                 0x8f (size before relaxing)
 .comment       0x0000008e       0x8f build/obj/spc5_edma.o
 .comment       0x0000008e       0x8f build/obj/can_lld.o
 .comment       0x0000008e       0x8f build/obj/saradc_lld.o
 .comment       0x0000008e       0x8f build/obj/pal.o
 .comment       0x0000008e       0x8f build/obj/clock.o
 .comment       0x0000008e       0x8f build/obj/irq.o
 .comment       0x0000008e       0x8f build/obj/eirq.o
 .comment       0x0000008e       0x8f build/obj/swirq.o
 .comment       0x0000008e       0x8f build/obj/osal.o
 .comment       0x0000008e       0x8f build/obj/systimer.o
 .comment       0x0000008e       0x8f build/obj/can_lld_cfg.o
 .comment       0x0000008e       0x8f build/obj/saradc_lld_cfg.o
 .comment       0x0000008e       0x8f build/obj/board.o
 .comment       0x0000008e       0x8f build/obj/irq_cfg.o
 .comment       0x0000008e       0x8f build/obj/eirq_cfg.o
 .comment       0x0000008e       0x8f build/obj/swirq_cfg.o
 .comment       0x0000008e       0x8f build/obj/main.o
 .comment       0x0000008e       0x8f build/obj/components.o

.gnu.attributes
                0x00000000       0x10
 .gnu.attributes
                0x00000000       0x10 build/obj/saradc_lld.o
 .gnu.attributes
                0x00000010       0x10 c:/spc5studio-6.0/eclipse/plugins/com.st.tools.spc5.tools.gnu.gcc.ppcvle.win32_4.9.4.20200908161514/toolchain/bin/../lib/gcc/powerpc-eabivle/4.9.4/e200z2\libgcc.a(_fixunssfsi.o)
 .gnu.attributes
                0x00000020       0x10 c:/spc5studio-6.0/eclipse/plugins/com.st.tools.spc5.tools.gnu.gcc.ppcvle.win32_4.9.4.20200908161514/toolchain/bin/../lib/gcc/powerpc-eabivle/4.9.4/e200z2\libgcc.a(_addsub_sf.o)
 .gnu.attributes
                0x00000030       0x10 c:/spc5studio-6.0/eclipse/plugins/com.st.tools.spc5.tools.gnu.gcc.ppcvle.win32_4.9.4.20200908161514/toolchain/bin/../lib/gcc/powerpc-eabivle/4.9.4/e200z2\libgcc.a(_mul_sf.o)
 .gnu.attributes
                0x00000040       0x10 c:/spc5studio-6.0/eclipse/plugins/com.st.tools.spc5.tools.gnu.gcc.ppcvle.win32_4.9.4.20200908161514/toolchain/bin/../lib/gcc/powerpc-eabivle/4.9.4/e200z2\libgcc.a(_div_sf.o)
 .gnu.attributes
                0x00000050       0x10 c:/spc5studio-6.0/eclipse/plugins/com.st.tools.spc5.tools.gnu.gcc.ppcvle.win32_4.9.4.20200908161514/toolchain/bin/../lib/gcc/powerpc-eabivle/4.9.4/e200z2\libgcc.a(_ge_sf.o)
 .gnu.attributes
                0x00000060       0x10 c:/spc5studio-6.0/eclipse/plugins/com.st.tools.spc5.tools.gnu.gcc.ppcvle.win32_4.9.4.20200908161514/toolchain/bin/../lib/gcc/powerpc-eabivle/4.9.4/e200z2\libgcc.a(_le_sf.o)
 .gnu.attributes
                0x00000070       0x10 c:/spc5studio-6.0/eclipse/plugins/com.st.tools.spc5.tools.gnu.gcc.ppcvle.win32_4.9.4.20200908161514/toolchain/bin/../lib/gcc/powerpc-eabivle/4.9.4/e200z2\libgcc.a(_sf_to_si.o)
 .gnu.attributes
                0x00000080       0x10 c:/spc5studio-6.0/eclipse/plugins/com.st.tools.spc5.tools.gnu.gcc.ppcvle.win32_4.9.4.20200908161514/toolchain/bin/../lib/gcc/powerpc-eabivle/4.9.4/e200z2\libgcc.a(_pack_sf.o)

.debug_info     0x00000000    0x36da7
 .debug_info    0x00000000       0xd6 build/obj/spc5_lld.o
 .debug_info    0x000000d6     0x2887 build/obj/spc5_edma.o
 .debug_info    0x0000295d     0x4531 build/obj/can_lld.o
 .debug_info    0x00006e8e     0x991a build/obj/saradc_lld.o
 .debug_info    0x000107a8     0x137b build/obj/pal.o
 .debug_info    0x00011b23     0x7cc4 build/obj/clock.o
 .debug_info    0x000197e7      0x104 build/obj/irq.o
 .debug_info    0x000198eb     0x1383 build/obj/eirq.o
 .debug_info    0x0001ac6e      0x1a7 build/obj/swirq.o
 .debug_info    0x0001ae15      0x6a7 build/obj/osal.o
 .debug_info    0x0001b4bc      0x4f4 build/obj/systimer.o
 .debug_info    0x0001b9b0     0x37c8 build/obj/can_lld_cfg.o
 .debug_info    0x0001f178     0x95c0 build/obj/saradc_lld_cfg.o
 .debug_info    0x00028738      0x20a build/obj/board.o
 .debug_info    0x00028942       0x8c build/obj/irq_cfg.o
 .debug_info    0x000289ce      0x126 build/obj/eirq_cfg.o
 .debug_info    0x00028af4       0x8c build/obj/swirq_cfg.o
 .debug_info    0x00028b80     0xe11a build/obj/main.o
 .debug_info    0x00036c9a      0x10d build/obj/components.o

.debug_abbrev   0x00000000     0x1e36
 .debug_abbrev  0x00000000       0x70 build/obj/spc5_lld.o
 .debug_abbrev  0x00000070      0x322 build/obj/spc5_edma.o
 .debug_abbrev  0x00000392      0x377 build/obj/can_lld.o
 .debug_abbrev  0x00000709      0x2be build/obj/saradc_lld.o
 .debug_abbrev  0x000009c7      0x1b9 build/obj/pal.o
 .debug_abbrev  0x00000b80      0x25e build/obj/clock.o
 .debug_abbrev  0x00000dde       0xaa build/obj/irq.o
 .debug_abbrev  0x00000e88      0x1cc build/obj/eirq.o
 .debug_abbrev  0x00001054       0x9f build/obj/swirq.o
 .debug_abbrev  0x000010f3      0x357 build/obj/osal.o
 .debug_abbrev  0x0000144a      0x14f build/obj/systimer.o
 .debug_abbrev  0x00001599      0x19c build/obj/can_lld_cfg.o
 .debug_abbrev  0x00001735      0x128 build/obj/saradc_lld_cfg.o
 .debug_abbrev  0x0000185d       0xcd build/obj/board.o
 .debug_abbrev  0x0000192a       0x44 build/obj/irq_cfg.o
 .debug_abbrev  0x0000196e       0x82 build/obj/eirq_cfg.o
 .debug_abbrev  0x000019f0       0x44 build/obj/swirq_cfg.o
 .debug_abbrev  0x00001a34      0x381 build/obj/main.o
 .debug_abbrev  0x00001db5       0x81 build/obj/components.o

.debug_loc      0x00000000     0x2671
 .debug_loc     0x00000000       0x2c build/obj/spc5_lld.o
 .debug_loc     0x0000002c      0x5b9 build/obj/spc5_edma.o
 .debug_loc     0x000005e5      0xfd8 build/obj/can_lld.o
 .debug_loc     0x000015bd      0x5ec build/obj/saradc_lld.o
 .debug_loc     0x00001ba9       0xbb build/obj/pal.o
 .debug_loc     0x00001c64      0x14d build/obj/clock.o
 .debug_loc     0x00001db1       0x2c build/obj/irq.o
 .debug_loc     0x00001ddd      0x3a5 build/obj/eirq.o
 .debug_loc     0x00002182       0xe9 build/obj/swirq.o
 .debug_loc     0x0000226b      0x22e build/obj/osal.o
 .debug_loc     0x00002499       0x58 build/obj/systimer.o
 .debug_loc     0x000024f1      0x154 build/obj/main.o
 .debug_loc     0x00002645       0x2c build/obj/components.o

.debug_aranges  0x00000000      0x4b0
 .debug_aranges
                0x00000000       0x20 build/obj/spc5_lld.o
 .debug_aranges
                0x00000020       0xb8 build/obj/spc5_edma.o
 .debug_aranges
                0x000000d8       0x70 build/obj/can_lld.o
 .debug_aranges
                0x00000148       0x50 build/obj/saradc_lld.o
 .debug_aranges
                0x00000198       0x38 build/obj/pal.o
 .debug_aranges
                0x000001d0       0x48 build/obj/clock.o
 .debug_aranges
                0x00000218       0x28 build/obj/irq.o
 .debug_aranges
                0x00000240       0x48 build/obj/eirq.o
 .debug_aranges
                0x00000288       0x40 build/obj/swirq.o
 .debug_aranges
                0x000002c8       0xa8 build/obj/osal.o
 .debug_aranges
                0x00000370       0x28 build/obj/systimer.o
 .debug_aranges
                0x00000398       0x18 build/obj/can_lld_cfg.o
 .debug_aranges
                0x000003b0       0x18 build/obj/saradc_lld_cfg.o
 .debug_aranges
                0x000003c8       0x20 build/obj/board.o
 .debug_aranges
                0x000003e8       0x20 build/obj/irq_cfg.o
 .debug_aranges
                0x00000408       0x18 build/obj/eirq_cfg.o
 .debug_aranges
                0x00000420       0x20 build/obj/swirq_cfg.o
 .debug_aranges
                0x00000440       0x50 build/obj/main.o
 .debug_aranges
                0x00000490       0x20 build/obj/components.o

.debug_ranges   0x00000000      0x6e8
 .debug_ranges  0x00000000       0x10 build/obj/spc5_lld.o
 .debug_ranges  0x00000010       0xc8 build/obj/spc5_edma.o
 .debug_ranges  0x000000d8       0xe0 build/obj/can_lld.o
 .debug_ranges  0x000001b8       0xd8 build/obj/saradc_lld.o
 .debug_ranges  0x00000290       0x28 build/obj/pal.o
 .debug_ranges  0x000002b8       0xd0 build/obj/clock.o
 .debug_ranges  0x00000388       0x18 build/obj/irq.o
 .debug_ranges  0x000003a0       0xb8 build/obj/eirq.o
 .debug_ranges  0x00000458       0x30 build/obj/swirq.o
 .debug_ranges  0x00000488      0x1a0 build/obj/osal.o
 .debug_ranges  0x00000628       0x18 build/obj/systimer.o
 .debug_ranges  0x00000640       0x10 build/obj/board.o
 .debug_ranges  0x00000650       0x10 build/obj/irq_cfg.o
 .debug_ranges  0x00000660       0x10 build/obj/swirq_cfg.o
 .debug_ranges  0x00000670       0x68 build/obj/main.o
 .debug_ranges  0x000006d8       0x10 build/obj/components.o

.debug_line     0x00000000     0x373a
 .debug_line    0x00000000       0xf2 build/obj/spc5_lld.o
 .debug_line    0x000000f2      0x5e7 build/obj/spc5_edma.o
 .debug_line    0x000006d9      0x7fb build/obj/can_lld.o
 .debug_line    0x00000ed4      0x499 build/obj/saradc_lld.o
 .debug_line    0x0000136d      0x2e6 build/obj/pal.o
 .debug_line    0x00001653      0x3dc build/obj/clock.o
 .debug_line    0x00001a2f      0x238 build/obj/irq.o
 .debug_line    0x00001c67      0x36f build/obj/eirq.o
 .debug_line    0x00001fd6      0x21e build/obj/swirq.o
 .debug_line    0x000021f4      0x445 build/obj/osal.o
 .debug_line    0x00002639      0x25d build/obj/systimer.o
 .debug_line    0x00002896      0x242 build/obj/can_lld_cfg.o
 .debug_line    0x00002ad8      0x248 build/obj/saradc_lld_cfg.o
 .debug_line    0x00002d20      0x1fc build/obj/board.o
 .debug_line    0x00002f1c       0x66 build/obj/irq_cfg.o
 .debug_line    0x00002f82      0x1cb build/obj/eirq_cfg.o
 .debug_line    0x0000314d       0x68 build/obj/swirq_cfg.o
 .debug_line    0x000031b5      0x3d1 build/obj/main.o
 .debug_line    0x00003586      0x1b4 build/obj/components.o

.debug_str      0x00000000     0x86af
 .debug_str     0x00000000      0x25a build/obj/spc5_lld.o
                                0x28e (size before relaxing)
 .debug_str     0x0000025a      0xabe build/obj/spc5_edma.o
                                0xd18 (size before relaxing)
 .debug_str     0x00000d18      0xf32 build/obj/can_lld.o
                               0x11fb (size before relaxing)
 .debug_str     0x00001c4a     0x42d1 build/obj/saradc_lld.o
                               0x46ee (size before relaxing)
 .debug_str     0x00005f1b      0x487 build/obj/pal.o
                                0x7d7 (size before relaxing)
 .debug_str     0x000063a2     0x1ae3 build/obj/clock.o
                               0x1e96 (size before relaxing)
 .debug_str     0x00007e85       0x4d build/obj/irq.o
                                0x284 (size before relaxing)
 .debug_str     0x00007ed2       0xe3 build/obj/eirq.o
                                0x76f (size before relaxing)
 .debug_str     0x00007fb5       0x89 build/obj/swirq.o
                                0x2c6 (size before relaxing)
 .debug_str     0x0000803e      0x344 build/obj/osal.o
                                0x569 (size before relaxing)
 .debug_str     0x00008382       0x79 build/obj/systimer.o
                                0x333 (size before relaxing)
 .debug_str     0x000083fb       0x5d build/obj/can_lld_cfg.o
                               0x1013 (size before relaxing)
 .debug_str     0x00008458       0x7c build/obj/saradc_lld_cfg.o
                               0x4601 (size before relaxing)
 .debug_str     0x000084d4       0x86 build/obj/board.o
                                0x321 (size before relaxing)
 .debug_str     0x0000855a       0x37 build/obj/irq_cfg.o
                                0x242 (size before relaxing)
 .debug_str     0x00008591       0x38 build/obj/eirq_cfg.o
                                0x2b4 (size before relaxing)
 .debug_str     0x000085c9       0x39 build/obj/swirq_cfg.o
                                0x247 (size before relaxing)
 .debug_str     0x00008602       0x93 build/obj/main.o
                               0x5733 (size before relaxing)
 .debug_str     0x00008695       0x1a build/obj/components.o
                                0x275 (size before relaxing)

.debug_frame    0x00000000      0xf90
 .debug_frame   0x00000000       0x30 build/obj/spc5_lld.o
 .debug_frame   0x00000030      0x374 build/obj/spc5_edma.o
 .debug_frame   0x000003a4      0x208 build/obj/can_lld.o
 .debug_frame   0x000005ac      0x140 build/obj/saradc_lld.o
 .debug_frame   0x000006ec       0x64 build/obj/pal.o
 .debug_frame   0x00000750       0x90 build/obj/clock.o
 .debug_frame   0x000007e0       0x40 build/obj/irq.o
 .debug_frame   0x00000820      0x184 build/obj/eirq.o
 .debug_frame   0x000009a4       0x60 build/obj/swirq.o
 .debug_frame   0x00000a04      0x188 build/obj/osal.o
 .debug_frame   0x00000b8c       0x44 build/obj/systimer.o
 .debug_frame   0x00000bd0       0x20 build/obj/board.o
 .debug_frame   0x00000bf0       0x20 build/obj/irq_cfg.o
 .debug_frame   0x00000c10       0x20 build/obj/swirq_cfg.o
 .debug_frame   0x00000c30       0xdc build/obj/main.o
 .debug_frame   0x00000d0c       0x30 build/obj/components.o
 .debug_frame   0x00000d3c       0x20 c:/spc5studio-6.0/eclipse/plugins/com.st.tools.spc5.tools.gnu.gcc.ppcvle.win32_4.9.4.20200908161514/toolchain/bin/../lib/gcc/powerpc-eabivle/4.9.4/../../../../powerpc-eabivle/lib/e200z2\libc.a(lib_a-memset.o)
 .debug_frame   0x00000d5c       0x3c c:/spc5studio-6.0/eclipse/plugins/com.st.tools.spc5.tools.gnu.gcc.ppcvle.win32_4.9.4.20200908161514/toolchain/bin/../lib/gcc/powerpc-eabivle/4.9.4/e200z2\libgcc.a(_fixunssfsi.o)
 .debug_frame   0x00000d98       0x7c c:/spc5studio-6.0/eclipse/plugins/com.st.tools.spc5.tools.gnu.gcc.ppcvle.win32_4.9.4.20200908161514/toolchain/bin/../lib/gcc/powerpc-eabivle/4.9.4/e200z2\libgcc.a(_addsub_sf.o)
 .debug_frame   0x00000e14       0x3c c:/spc5studio-6.0/eclipse/plugins/com.st.tools.spc5.tools.gnu.gcc.ppcvle.win32_4.9.4.20200908161514/toolchain/bin/../lib/gcc/powerpc-eabivle/4.9.4/e200z2\libgcc.a(_mul_sf.o)
 .debug_frame   0x00000e50       0x30 c:/spc5studio-6.0/eclipse/plugins/com.st.tools.spc5.tools.gnu.gcc.ppcvle.win32_4.9.4.20200908161514/toolchain/bin/../lib/gcc/powerpc-eabivle/4.9.4/e200z2\libgcc.a(_div_sf.o)