Archive member included to satisfy reference by file (symbol)

c:/users/shehan/documents/environments/spc5_env/toolchain/bin/../lib/gcc/powerpc-eabivle/4.9.4/../../../../powerpc-eabivle/lib/e200z2\libc.a(lib_a-errno.o)
                              build/obj/main.o (__errno)
c:/users/shehan/documents/environments/spc5_env/toolchain/bin/../lib/gcc/powerpc-eabivle/4.9.4/../../../../powerpc-eabivle/lib/e200z2\libc.a(lib_a-impure.o)
                              c:/users/shehan/documents/environments/spc5_env/toolchain/bin/../lib/gcc/powerpc-eabivle/4.9.4/../../../../powerpc-eabivle/lib/e200z2\libc.a(lib_a-errno.o) (_impure_ptr)
c:/users/shehan/documents/environments/spc5_env/toolchain/bin/../lib/gcc/powerpc-eabivle/4.9.4/../../../../powerpc-eabivle/lib/e200z2\libc.a(lib_a-memset.o)
                              build/obj/osal.o (memset)
c:/users/shehan/documents/environments/spc5_env/toolchain/bin/../lib/gcc/powerpc-eabivle/4.9.4/../../../../powerpc-eabivle/lib/e200z2\libstdc++.a(new_op.o)
                              build/obj/main.o (operator new(unsigned int))
c:/users/shehan/documents/environments/spc5_env/toolchain/bin/../lib/gcc/powerpc-eabivle/4.9.4/../../../../powerpc-eabivle/lib/e200z2\libstdc++.a(bad_alloc.o)
                              c:/users/shehan/documents/environments/spc5_env/toolchain/bin/../lib/gcc/powerpc-eabivle/4.9.4/../../../../powerpc-eabivle/lib/e200z2\libstdc++.a(new_op.o) (vtable for std::bad_alloc)
c:/users/shehan/documents/environments/spc5_env/toolchain/bin/../lib/gcc/powerpc-eabivle/4.9.4/../../../../powerpc-eabivle/lib/e200z2\libstdc++.a(eh_exception.o)
                              c:/users/shehan/documents/environments/spc5_env/toolchain/bin/../lib/gcc/powerpc-eabivle/4.9.4/../../../../powerpc-eabivle/lib/e200z2\libstdc++.a(bad_alloc.o) (std::exception::~exception())
c:/users/shehan/documents/environments/spc5_env/toolchain/bin/../lib/gcc/powerpc-eabivle/4.9.4/../../../../powerpc-eabivle/lib/e200z2\libstdc++.a(eh_alloc.o)
                              c:/users/shehan/documents/environments/spc5_env/toolchain/bin/../lib/gcc/powerpc-eabivle/4.9.4/../../../../powerpc-eabivle/lib/e200z2\libstdc++.a(new_op.o) (__cxa_allocate_exception)
c:/users/shehan/documents/environments/spc5_env/toolchain/bin/../lib/gcc/powerpc-eabivle/4.9.4/../../../../powerpc-eabivle/lib/e200z2\libstdc++.a(pure.o)
                              c:/users/shehan/documents/environments/spc5_env/toolchain/bin/../lib/gcc/powerpc-eabivle/4.9.4/../../../../powerpc-eabivle/lib/e200z2\libstdc++.a(eh_exception.o) (__cxa_pure_virtual)
c:/users/shehan/documents/environments/spc5_env/toolchain/bin/../lib/gcc/powerpc-eabivle/4.9.4/../../../../powerpc-eabivle/lib/e200z2\libstdc++.a(del_op.o)
                              c:/users/shehan/documents/environments/spc5_env/toolchain/bin/../lib/gcc/powerpc-eabivle/4.9.4/../../../../powerpc-eabivle/lib/e200z2\libstdc++.a(bad_alloc.o) (operator delete(void*))
c:/users/shehan/documents/environments/spc5_env/toolchain/bin/../lib/gcc/powerpc-eabivle/4.9.4/../../../../powerpc-eabivle/lib/e200z2\libstdc++.a(eh_throw.o)
                              c:/users/shehan/documents/environments/spc5_env/toolchain/bin/../lib/gcc/powerpc-eabivle/4.9.4/../../../../powerpc-eabivle/lib/e200z2\libstdc++.a(new_op.o) (__cxa_throw)
c:/users/shehan/documents/environments/spc5_env/toolchain/bin/../lib/gcc/powerpc-eabivle/4.9.4/../../../../powerpc-eabivle/lib/e200z2\libstdc++.a(class_type_info.o)
                              c:/users/shehan/documents/environments/spc5_env/toolchain/bin/../lib/gcc/powerpc-eabivle/4.9.4/../../../../powerpc-eabivle/lib/e200z2\libstdc++.a(eh_exception.o) (vtable for __cxxabiv1::__class_type_info)
c:/users/shehan/documents/environments/spc5_env/toolchain/bin/../lib/gcc/powerpc-eabivle/4.9.4/../../../../powerpc-eabivle/lib/e200z2\libstdc++.a(new_handler.o)
                              c:/users/shehan/documents/environments/spc5_env/toolchain/bin/../lib/gcc/powerpc-eabivle/4.9.4/../../../../powerpc-eabivle/lib/e200z2\libstdc++.a(new_op.o) (std::get_new_handler())
c:/users/shehan/documents/environments/spc5_env/toolchain/bin/../lib/gcc/powerpc-eabivle/4.9.4/../../../../powerpc-eabivle/lib/e200z2\libstdc++.a(si_class_type_info.o)
                              c:/users/shehan/documents/environments/spc5_env/toolchain/bin/../lib/gcc/powerpc-eabivle/4.9.4/../../../../powerpc-eabivle/lib/e200z2\libstdc++.a(bad_alloc.o) (vtable for __cxxabiv1::__si_class_type_info)
c:/users/shehan/documents/environments/spc5_env/toolchain/bin/../lib/gcc/powerpc-eabivle/4.9.4/../../../../powerpc-eabivle/lib/e200z2\libstdc++.a(eh_globals.o)
                              c:/users/shehan/documents/environments/spc5_env/toolchain/bin/../lib/gcc/powerpc-eabivle/4.9.4/../../../../powerpc-eabivle/lib/e200z2\libstdc++.a(eh_throw.o) (__cxa_get_globals)
[...]
Memory Configuration

Name             Origin             Length             Attributes
dataflash        0x00800000         0x00020000
flash            0x00fc0000         0x00100000
ram              0x400a8000         0x00018000
*default*        0x00000000         0xffffffff

Linker script and memory map

LOAD build/obj/boot.o
LOAD build/obj/crt0.o
LOAD build/obj/vectors.o
LOAD build/obj/ivor.o
LOAD build/obj/spc5_lld.o
LOAD build/obj/spc5_edma.o
LOAD build/obj/can_lld.o
LOAD build/obj/saradc_lld.o
LOAD build/obj/pal.o
LOAD build/obj/clock.o
LOAD build/obj/irq.o
LOAD build/obj/eirq.o
LOAD build/obj/swirq.o
LOAD build/obj/osal.o
LOAD build/obj/systimer.o
LOAD build/obj/can_lld_cfg.o
LOAD build/obj/saradc_lld_cfg.o
LOAD build/obj/board.o
LOAD build/obj/irq_cfg.o
LOAD build/obj/eirq_cfg.o
LOAD build/obj/swirq_cfg.o
LOAD build/obj/components.o
LOAD build/obj/main.o
LOAD c:/users/shehan/documents/environments/spc5_env/toolchain/bin/../lib/gcc/powerpc-eabivle/4.9.4/../../../../powerpc-eabivle/lib/e200z2\libm.a
LOAD c:/users/shehan/documents/environments/spc5_env/toolchain/bin/../lib/gcc/powerpc-eabivle/4.9.4/../../../../powerpc-eabivle/lib/e200z2\libc.a
                0x00000000                __irq_stack_size__ = 0x0
                0x00001000                __process_stack_size__ = 0x1000
                0x00100000                __flash_size__ = LENGTH (flash)
                0x00fc0000                __flash_start__ = ORIGIN (flash)
                0x010c0000                __flash_end__ = (ORIGIN (flash) + LENGTH (flash))
                0x00018000                __ram_size__ = LENGTH (ram)
                0x400a8000                __ram_start__ = ORIGIN (ram)
                0x400c0000                __ram_end__ = (ORIGIN (ram) + LENGTH (ram))
                0x00fc0000                . = ORIGIN (flash)

.boot0          0x00fc0000      0x1f2
 *(.boot)
 .boot          0x00fc0000      0x10a build/obj/boot.o
                0x00fc0008                _reset_address
 *(.handlers)
 *fill*         0x00fc010a        0x6 
 .handlers      0x00fc0110        0x4 build/obj/boot.o
                0x00fc0110                _IVOR1
                0x00fc0110                _IVOR11
                0x00fc0110                _IVOR15
                0x00fc0110                _IVOR0
                0x00fc0110                _IVOR14
                0x00fc0110                _unhandled_exception
                0x00fc0110                _IVOR9
                0x00fc0110                _IVOR2
                0x00fc0110                _IVOR7
                0x00fc0110                _IVOR12
                0x00fc0110                _IVOR8
                0x00fc0110                _IVOR3
                0x00fc0110                _IVOR6
                0x00fc0110                _IVOR5
                0x00fc0110                _IVOR13
                0x00fc0110                _IVOR10
 *fill*         0x00fc0114        0xc 
 .handlers      0x00fc0120       0x4a build/obj/ivor.o
                0x00fc0120                _IVOR4
 *(.crt0)
 *fill*         0x00fc016a        0x6 
 .crt0          0x00fc0170       0x82 build/obj/crt0.o
                0x00fc0170                _boot_address
                0x00fc01e8                _main_exit_handler
                0x00fc01ee                __late_init
                0x00fc01f0                __eabi

.boot1          0x00fc0200     0x1e02
                0x00fc0200                . = ALIGN (0x100)
                0x00fc0200                __ivpr_base__ = .
 *(.ivors)
 .ivors         0x00fc0200       0xf4 build/obj/boot.o
                0x00fc0200                IVORS
                0x00fc1000                . = ALIGN (0x1000)
 *fill*         0x00fc02f4      0xd0c 
 *(.vectors)
 .vectors       0x00fc1000     0x1002 build/obj/vectors.o
                0x00fc1000                _vectors
                0x00fc2000                vector723
                0x00fc2000                vector646
                0x00fc2000                vector276
                0x00fc2000                vector827
                0x00fc2000                vector403
                0x00fc2000                vector444
                0x00fc2000                vector120
                0x00fc2000                vector971
                0x00fc2000                vector198
                0x00fc2000                vector689
                0x00fc2000                vector25
                0x00fc2000                vector710
                0x00fc2000                vector548
                0x00fc2000                vector464
                0x00fc2000                vector837
                0x00fc2000                vector937
                0x00fc2000                vector83
                0x00fc2000                vector89
                0x00fc2000                vector88
                0x00fc2000                vector722
                0x00fc2000                vector769
                0x00fc2000                vector569
                0x00fc2000                vector725
                0x00fc2000                vector487
                0x00fc2000                vector50
                0x00fc2000                vector15
                0x00fc2000                vector848
                0x00fc2000                vector1017
                0x00fc2000                vector501
                0x00fc2000                vector151
                0x00fc2000                vector234
                0x00fc2000                vector604
                0x00fc2000                vector387
                0x00fc2000                vector933
                0x00fc2000                vector602
                0x00fc2000                vector232
                0x00fc2000                vector635
                0x00fc2000                vector878
                0x00fc2000                vector407
                0x00fc2000                vector149
                0x00fc2000                vector393
                0x00fc2000                vector757
                0x00fc2000                vector772
                0x00fc2000                vector729
                0x00fc2000                vector342
                0x00fc2000                vector265
                0x00fc2000                vector880
                0x00fc2000                vector106
                0x00fc2000                vector163
                0x00fc2000                vector1003
                0x00fc2000                vector759
                0x00fc2000                vector982
                0x00fc2000                vector774
                0x00fc2000                vector513
                0x00fc2000                vector90
                0x00fc2000                vector421
                0x00fc2000                vector401
                0x00fc2000                vector351
                0x00fc2000                vector481
                0x00fc2000                vector220
                0x00fc2000                vector835
                0x00fc2000                vector664
                0x00fc2000                vector294
                0x00fc2000                vector909
                0x00fc2000                vector308
                0x00fc2000                vector537
                0x00fc2000                vector187
                0x00fc2000                vector1015
                0x00fc2000                vector886
                0x00fc2000                vector225
                0x00fc2000                vector680
                0x00fc2000                vector494
                0x00fc2000                vector599
                0x00fc2000                vector424
                0x00fc2000                vector843
                0x00fc2000                vector467
                0x00fc2000                vector804
                0x00fc2000                vector370
                0x00fc2000                vector337
                0x00fc2000                vector1009
                0x00fc2000                vector814
                0x00fc2000                vector542
                0x00fc2000                vector192
                0x00fc2000                vector516
                0x00fc2000                vector551
                0x00fc2000                vector127
                0x00fc2000                vector883
                0x00fc2000                vector739
                0x00fc2000                vector302
                0x00fc2000                vector30
                0x00fc2000                vector841
                0x00fc2000                vector382
                0x00fc2000                vector556
                0x00fc2000                vector386
                0x00fc2000                vector367
                0x00fc2000                vector34
                0x00fc2000                vector46
                0x00fc2000                vector988
                0x00fc2000                vector743
                0x00fc2000                vector437
                0x00fc2000                vector268
                0x00fc2000                vector638
                0x00fc2000                vector794
                0x00fc2000                vector529
                0x00fc2000                vector179
                0x00fc2000                vector764
                0x00fc2000                vector990
                0x00fc2000                vector786
                0x00fc2000                vector1023
                0x00fc2000                vector134
                0x00fc2000                vector223
                0x00fc2000                vector218
                0x00fc2000                vector994
                0x00fc2000                vector662
                0x00fc2000                vector292
                0x00fc2000                vector325
                0x00fc2000                vector341
                0x00fc2000                vector713
                0x00fc2000                vector888
                0x00fc2000                vector881
                0x00fc2000                vector945
                0x00fc2000                vector892
                0x00fc2000                vector410
                0x00fc2000                vector322
                0x00fc2000                vector8
                0x00fc2000                vector582
                0x00fc2000                vector264
                0x00fc2000                vector916
                0x00fc2000                vector71
                0x00fc2000                vector842
                0x00fc2000                vector510
                0x00fc2000                vector634
                0x00fc2000                vector887
                0x00fc2000                vector927
                0x00fc2000                vector511
                0x00fc2000                vector161
                0x00fc2000                vector472
                0x00fc2000                vector628
                0x00fc2000                vector258
                0x00fc2000                vector160
                0x00fc2000                vector344
                0x00fc2000                vector559
                0x00fc2000                vector112
                0x00fc2000                vector727
                0x00fc2000                vector423
                0x00fc2000                vector995
                0x00fc2000                vector826
                0x00fc2000                vector490
                0x00fc2000                vector416
                0x00fc2000                vector157
                0x00fc2000                vector215
                0x00fc2000                vector352
                0x00fc2000                vector347
                0x00fc2000                vector389
                0x00fc2000                vector507
                0x00fc2000                vector908
                0x00fc2000                vector205
                0x00fc2000                vector596
                0x00fc2000                vector555
                0x00fc2000                vector681
                0x00fc2000                vector904
                0x00fc2000                vector850
                0x00fc2000                vector197
                0x00fc2000                vector547
                0x00fc2000                vector920
                0x00fc2000                vector6
                0x00fc2000                vector893
                0x00fc2000                vector553
                0x00fc2000                vector129
                0x00fc2000                vector455
                0x00fc2000                vector502
                0x00fc2000                vector152
                0x00fc2000                vector838
                0x00fc2000                vector823
                0x00fc2000                vector868
                0x00fc2000                vector37
                0x00fc2000                vector690
                0x00fc2000                vector364
                0x00fc2000                vector459
                0x00fc2000                vector339
                0x00fc2000                vector415
                0x00fc2000                vector972
                0x00fc2000                vector598
                0x00fc2000                vector600
                0x00fc2000                vector230
                0x00fc2000                vector761
                0x00fc2000                vector532
                0x00fc2000                vector182
                0x00fc2000                vector466
                0x00fc2000                vector469
                0x00fc2000                vector273
                0x00fc2000                vector523
                0x00fc2000                vector173
                0x00fc2000                vector637
                0x00fc2000                vector643
                0x00fc2000                vector78
                0x00fc2000                vector44
                0x00fc2000                vector731
                0x00fc2000                vector830
                0x00fc2000                vector991
                0x00fc2000                vector670
                0x00fc2000                vector49
                0x00fc2000                vector267
                0x00fc2000                vector117
                0x00fc2000                vector566
                0x00fc2000                vector485
                0x00fc2000                vector675
                0x00fc2000                vector704
                0x00fc2000                vector222
                0x00fc2000                vector978
                0x00fc2000                vector426
                0x00fc2000                vector379
                0x00fc2000                vector82
                0x00fc2000                vector956
                0x00fc2000                vector442
                0x00fc2000                vector911
                0x00fc2000                vector336
                0x00fc2000                vector686
                0x00fc2000                vector95
                0x00fc2000                vector943
                0x00fc2000                vector575
                0x00fc2000                vector1002
                0x00fc2000                vector109
                0x00fc2000                vector383
                0x00fc2000                vector20
                0x00fc2000                vector321
                0x00fc2000                vector712
                0x00fc2000                vector309
                0x00fc2000                vector950
                0x00fc2000                vector1000
                0x00fc2000                vector12
                0x00fc2000                vector1007
                0x00fc2000                vector719
                0x00fc2000                vector986
                0x00fc2000                vector863
                0x00fc2000                vector319
                0x00fc2000                vector776
                0x00fc2000                vector491
                0x00fc2000                vector456
                0x00fc2000                vector572
                0x00fc2000                vector818
                0x00fc2000                vector366
                0x00fc2000                vector18
                0x00fc2000                vector417
                0x00fc2000                vector907
                0x00fc2000                vector873
                0x00fc2000                vector656
                0x00fc2000                vector303
                0x00fc2000                vector286
                0x00fc2000                vector166
                0x00fc2000                vector434
                0x00fc2000                vector489
                0x00fc2000                vector931
                0x00fc2000                vector658
                0x00fc2000                vector288
                0x00fc2000                vector564
                0x00fc2000                vector861
                0x00fc2000                vector906
                0x00fc2000                vector446
                0x00fc2000                vector534
                0x00fc2000                vector184
                0x00fc2000                vector577
                0x00fc2000                vector683
                0x00fc2000                vector358
                0x00fc2000                vector326
                0x00fc2000                vector207
                0x00fc2000                vector915
                0x00fc2000                vector188
                0x00fc2000                vector585
                0x00fc2000                vector636
                0x00fc2000                vector266
                0x00fc2000                vector411
                0x00fc2000                vector538
                0x00fc2000                vector567
                0x00fc2000                vector93
                0x00fc2000                vector540
                0x00fc2000                vector190
                0x00fc2000                vector609
                0x00fc2000                vector239
                0x00fc2000                vector94
                0x00fc2000                vector360
                0x00fc2000                vector17
                0x00fc2000                vector1005
                0x00fc2000                vector116
                0x00fc2000                vector654
                0x00fc2000                vector284
                0x00fc2000                vector452
                0x00fc2000                vector831
                0x00fc2000                vector104
                0x00fc2000                vector685
                0x00fc2000                vector766
                0x00fc2000                vector633
                0x00fc2000                vector263
                0x00fc2000                vector581
                0x00fc2000                vector882
                0x00fc2000                vector782
                0x00fc2000                vector768
                0x00fc2000                vector869
                0x00fc2000                vector315
                0x00fc2000                vector976
                0x00fc2000                vector640
                0x00fc2000                vector270
                0x00fc2000                vector717
                0x00fc2000                vector755
                0x00fc2000                vector735
                0x00fc2000                vector824
                0x00fc2000                vector992
                0x00fc2000                vector699
                0x00fc2000                vector439
                0x00fc2000                vector721
                0x00fc2000                vector497
                0x00fc2000                vector692
                0x00fc2000                vector847
                0x00fc2000                vector48
                0x00fc2000                vector299
                0x00fc2000                vector926
                0x00fc2000                vector781
                0x00fc2000                vector984
                0x00fc2000                vector462
                0x00fc2000                vector669
                0x00fc2000                vector103
                0x00fc2000                vector191
                0x00fc2000                vector969
                0x00fc2000                vector146
                0x00fc2000                vector897
                0x00fc2000                vector815
                0x00fc2000                vector541
                0x00fc2000                vector586
                0x00fc2000                vector350
                0x00fc2000                vector997
                0x00fc2000                vector447
                0x00fc2000                vector11
                0x00fc2000                vector14
                0x00fc2000                vector952
                0x00fc2000                vector499
                0x00fc2000                vector480
                0x00fc2000                vector397
                0x00fc2000                vector406
                0x00fc2000                vector854
                0x00fc2000                vector941
                0x00fc2000                vector454
                0x00fc2000                vector708
                0x00fc2000                vector679
                0x00fc2000                vector338
                0x00fc2000                vector385
                0x00fc2000                vector148
                0x00fc2000                vector221
                0x00fc2000                vector912
                0x00fc2000                vector80
                0x00fc2000                vector353
                0x00fc2000                vector936
                0x00fc2000                vector219
                0x00fc2000                vector310
                0x00fc2000                vector659
                0x00fc2000                vector289
                0x00fc2000                vector663
                0x00fc2000                vector293
                0x00fc2000                vector957
                0x00fc2000                vector521
                0x00fc2000                vector171
                0x00fc2000                vector504
                0x00fc2000                vector340
                0x00fc2000                vector851
                0x00fc2000                vector449
                0x00fc2000                vector405
                0x00fc2000                vector800
                0x00fc2000                vector716
                0x00fc2000                vector849
                0x00fc2000                vector105
                0x00fc2000                vector154
                0x00fc2000                vector36
                0x00fc2000                vector894
                0x00fc2000                vector605
                0x00fc2000                vector235
                0x00fc2000                vector874
                0x00fc2000                vector272
                0x00fc2000                vector879
                0x00fc2000                vector914
                0x00fc2000                vector563
                0x00fc2000                vector902
                0x00fc2000                vector949
                0x00fc2000                vector1012
                0x00fc2000                vector973
                0x00fc2000                vector164
                0x00fc2000                vector987
                0x00fc2000                vector139
                0x00fc2000                vector503
                0x00fc2000                vector153
                0x00fc2000                vector514
                0x00fc2000                vector121
                0x00fc2000                vector867
                0x00fc2000                vector754
                0x00fc2000                vector619
                0x00fc2000                vector249
                0x00fc2000                vector938
                0x00fc2000                vector836
                0x00fc2000                vector318
                0x00fc2000                vector822
                0x00fc2000                vector155
                0x00fc2000                vector505
                0x00fc2000                vector5
                0x00fc2000                vector320
                0x00fc2000                vector517
                0x00fc2000                vector167
                0x00fc2000                vector944
                0x00fc2000                vector684
                0x00fc2000                vector959
                0x00fc2000                vector150
                0x00fc2000                vector304
                0x00fc2000                vector618
                0x00fc2000                vector248
                0x00fc2000                vector479
                0x00fc2000                vector500
                0x00fc2000                vector587
                0x00fc2000                vector195
                0x00fc2000                vector594
                0x00fc2000                vector590
                0x00fc2000                vector76
                0x00fc2000                vector75
                0x00fc2000                vector545
                0x00fc2000                vector343
                0x00fc2000                vector123
                0x00fc2000                vector865
                0x00fc2000                vector939
                0x00fc2000                vector31
                0x00fc2000                vector388
                0x00fc2000                vector799
                0x00fc2000                vector203
                0x00fc2000                vector820
                0x00fc2000                vector271
                0x00fc2000                vector641
                0x00fc2000                vector96
                0x00fc2000                vector665
                0x00fc2000                vector295
                0x00fc2000                vector427
                0x00fc2000                vector891
                0x00fc2000                vector365
                0x00fc2000                vector620
                0x00fc2000                vector250
                0x00fc2000                vector785
                0x00fc2000                vector471
                0x00fc2000                vector28
                0x00fc2000                vector703
                0x00fc2000                vector550
                0x00fc2000                vector910
                0x00fc2000                vector126
                0x00fc2000                vector934
                0x00fc2000                vector323
                0x00fc2000                vector744
                0x00fc2000                vector955
                0x00fc2000                vector368
                0x00fc2000                vector72
                0x00fc2000                vector519
                0x00fc2000                vector169
                0x00fc2000                vector809
                0x00fc2000                vector866
                0x00fc2000                vector821
                0x00fc2000                vector457
                0x00fc2000                vector147
                0x00fc2000                vector642
                0x00fc2000                vector413
                0x00fc2000                vector780
                0x00fc2000                vector742
                0x00fc2000                vector392
                0x00fc2000                vector474
                0x00fc2000                vector603
                0x00fc2000                vector233
                0x00fc2000                vector593
                0x00fc2000                vector202
                0x00fc2000                vector373
                0x00fc2000                vector441
                0x00fc2000                vector756
                0x00fc2000                vector787
                0x00fc2000                vector749
                0x00fc2000                vector966
                0x00fc2000                vector698
                0x00fc2000                vector204
                0x00fc2000                vector726
                0x00fc2000                vector591
                0x00fc2000                vector124
                0x00fc2000                vector110
                0x00fc2000                vector653
                0x00fc2000                vector283
                0x00fc2000                vector484
                0x00fc2000                vector630
                0x00fc2000                vector260
                0x00fc2000                vector298
                0x00fc2000                vector657
                0x00fc2000                vector287
                0x00fc2000                vector22
                0x00fc2000                vector1019
                0x00fc2000                vector668
                0x00fc2000                vector247
                0x00fc2000                vector617
                0x00fc2000                vector137
                0x00fc2000                vector979
                0x00fc2000                vector330
                0x00fc2000                vector561
                0x00fc2000                vector923
                0x00fc2000                vector279
                0x00fc2000                vector649
                0x00fc2000                vector277
                0x00fc2000                vector69
                0x00fc2000                vector607
                0x00fc2000                vector237
                0x00fc2000                vector27
                0x00fc2000                vector647
                0x00fc2000                vector579
                0x00fc2000                vector477
                0x00fc2000                vector425
                0x00fc2000                vector118
                0x00fc2000                vector328
                0x00fc2000                vector918
                0x00fc2000                vector70
                0x00fc2000                vector468
                0x00fc2000                vector701
                0x00fc2000                vector312
                0x00fc2000                vector217
                0x00fc2000                vector355
                0x00fc2000                vector661
                0x00fc2000                vector291
                0x00fc2000                vector970
                0x00fc2000                vector1013
                0x00fc2000                vector186
                0x00fc2000                vector536
                0x00fc2000                vector132
                0x00fc2000                vector372
                0x00fc2000                vector583
                0x00fc2000                vector807
                0x00fc2000                vector390
                0x00fc2000                vector177
                0x00fc2000                vector527
                0x00fc2000                vector316
                0x00fc2000                vector905
                0x00fc2000                vector375
                0x00fc2000                vector1022
                0x00fc2000                vector335
                0x00fc2000                vector671
                0x00fc2000                vector210
                0x00fc2000                vector983
                0x00fc2000                vector269
                0x00fc2000                vector332
                0x00fc2000                vector227
                0x00fc2000                vector834
                0x00fc2000                vector363
                0x00fc2000                vector307
                0x00fc2000                vector1011
                0x00fc2000                vector224
                0x00fc2000                vector432
                0x00fc2000                vector1018
                0x00fc2000                vector728
                0x00fc2000                vector21
                0x00fc2000                vector803
                0x00fc2000                vector872
                0x00fc2000                vector41
                0x00fc2000                vector378
                0x00fc2000                vector790
                0x00fc2000                vector381
                0x00fc2000                vector346
                0x00fc2000                vector940
                0x00fc2000                vector738
                0x00fc2000                vector998
                0x00fc2000                vector436
                0x00fc2000                vector650
                0x00fc2000                vector924
                0x00fc2000                vector993
                0x00fc2000                vector613
                0x00fc2000                vector492
                0x00fc2000                vector495
                0x00fc2000                vector174
                0x00fc2000                vector524
                0x00fc2000                vector450
                0x00fc2000                vector362
                0x00fc2000                vector101
                0x00fc2000                vector211
                0x00fc2000                vector418
                0x00fc2000                vector889
                0x00fc2000                vector128
                0x00fc2000                vector753
                0x00fc2000                vector844
                0x00fc2000                vector16
                0x00fc2000                vector960
                0x00fc2000                vector714
                0x00fc2000                vector595
                0x00fc2000                vector946
                0x00fc2000                vector51
                0x00fc2000                vector460
                0x00fc2000                vector13
                0x00fc2000                vector81
                0x00fc2000                vector552
                0x00fc2000                vector765
                0x00fc2000                vector1008
                0x00fc2000                vector677
                0x00fc2000                vector798
                0x00fc2000                vector300
                0x00fc2000                vector282
                0x00fc2000                vector608
                0x00fc2000                vector238
                0x00fc2000                vector557
                0x00fc2000                vector697
                0x00fc2000                vector652
                0x00fc2000                vector953
                0x00fc2000                vector38
                0x00fc2000                vector280
                0x00fc2000                vector980
                0x00fc2000                vector1
                0x00fc2000                vector528
                0x00fc2000                vector178
                0x00fc2000                vector311
                0x00fc2000                vector133
                0x00fc2000                vector73
                0x00fc2000                vector354
                0x00fc2000                vector624
                0x00fc2000                vector254
                0x00fc2000                vector763
                0x00fc2000                vector1001
                0x00fc2000                vector349
                0x00fc2000                vector929
                0x00fc2000                vector687
                0x00fc2000                vector144
                0x00fc2000                vector644
                0x00fc2000                vector274
                0x00fc2000                vector737
                0x00fc2000                vector967
                0x00fc2000                vector639
                0x00fc2000                vector568
                0x00fc2000                vector515
                0x00fc2000                vector165
                0x00fc2000                vector571
                0x00fc2000                vector535
                0x00fc2000                vector185
                0x00fc2000                vector496
                0x00fc2000                vector435
                0x00fc2000                vector750
                0x00fc2000                vector493
                0x00fc2000                vector43
                0x00fc2000                vector682
                0x00fc2000                vector451
                0x00fc2000                vector900
                0x00fc2000                vector760
                0x00fc2000                vector942
                0x00fc2000                vector748
                0x00fc2000                vector676
                0x00fc2000                vector709
                0x00fc2000                vector398
                0x00fc2000                vector430
                0x00fc2000                vector506
                0x00fc2000                vector412
                0x00fc2000                vector376
                0x00fc2000                vector122
                0x00fc2000                vector580
                0x00fc2000                vector333
                0x00fc2000                vector817
                0x00fc2000                vector115
                0x00fc2000                vector578
                0x00fc2000                vector947
                0x00fc2000                vector108
                0x00fc2000                vector626
                0x00fc2000                vector256
                0x00fc2000                vector621
                0x00fc2000                vector251
                0x00fc2000                vector429
                0x00fc2000                vector720
                0x00fc2000                vector86
                0x00fc2000                vector87
                0x00fc2000                vector767
                0x00fc2000                vector612
                0x00fc2000                vector242
                0x00fc2000                vector119
                0x00fc2000                vector829
                0x00fc2000                _unhandled_irq
                0x00fc2000                vector584
                0x00fc2000                vector345
                0x00fc2000                vector666
                0x00fc2000                vector296
                0x00fc2000                vector715
                0x00fc2000                vector213
                0x00fc2000                vector985
                0x00fc2000                vector419
                0x00fc2000                vector162
                0x00fc2000                vector512
                0x00fc2000                vector718
                0x00fc2000                vector762
                0x00fc2000                vector795
                0x00fc2000                vector91
                0x00fc2000                vector33
                0x00fc2000                vector156
                0x00fc2000                vector975
                0x00fc2000                vector615
                0x00fc2000                vector348
                0x00fc2000                vector141
                0x00fc2000                vector812
                0x00fc2000                vector859
                0x00fc2000                vector961
                0x00fc2000                vector404
                0x00fc2000                vector954
                0x00fc2000                vector770
                0x00fc2000                vector819
                0x00fc2000                vector783
                0x00fc2000                vector214
                0x00fc2000                vector870
                0x00fc2000                vector99
                0x00fc2000                vector740
                0x00fc2000                vector919
                0x00fc2000                vector522
                0x00fc2000                vector3
                0x00fc2000                vector2
                0x00fc2000                vector359
                0x00fc2000                vector833
                0x00fc2000                vector565
                0x00fc2000                vector253
                0x00fc2000                vector623
                0x00fc2000                vector876
                0x00fc2000                vector172
                0x00fc2000                vector877
                0x00fc2000                vector461
                0x00fc2000                vector611
                0x00fc2000                vector241
                0x00fc2000                vector999
                0x00fc2000                vector257
                0x00fc2000                vector431
                0x00fc2000                vector380
                0x00fc2000                vector862
                0x00fc2000                vector24
                0x00fc2000                vector111
                0x00fc2000                vector802
                0x00fc2000                vector7
                0x00fc2000                vector189
                0x00fc2000                vector816
                0x00fc2000                vector306
                0x00fc2000                vector1014
                0x00fc2000                vector539
                0x00fc2000                vector475
                0x00fc2000                vector711
                0x00fc2000                vector930
                0x00fc2000                vector200
                0x00fc2000                vector773
                0x00fc2000                vector138
                0x00fc2000                vector864
                0x00fc2000                vector74
                0x00fc2000                vector627
                0x00fc2000                vector562
                0x00fc2000                vector974
                0x00fc2000                vector928
                0x00fc2000                vector655
                0x00fc2000                vector285
                0x00fc2000                vector414
                0x00fc2000                vector476
                0x00fc2000                vector736
                0x00fc2000                vector839
                0x00fc2000                vector989
                0x00fc2000                vector384
                0x00fc2000                vector734
                0x00fc2000                vector601
                0x00fc2000                vector231
                0x00fc2000                vector968
                0x00fc2000                vector278
                0x00fc2000                vector648
                0x00fc2000                vector1020
                0x00fc2000                vector932
                0x00fc2000                vector329
                0x00fc2000                vector747
                0x00fc2000                vector606
                0x00fc2000                vector236
                0x00fc2000                vector29
                0x00fc2000                vector135
                0x00fc2000                vector796
                0x00fc2000                vector463
                0x00fc2000                vector180
                0x00fc2000                vector632
                0x00fc2000                vector262
                0x00fc2000                vector996
                0x00fc2000                vector530
                0x00fc2000                vector408
                0x00fc2000                vector77
                0x00fc2000                vector420
                0x00fc2000                vector314
                0x00fc2000                vector771
                0x00fc2000                vector357
                0x00fc2000                vector925
                0x00fc2000                vector488
                0x00fc2000                vector779
                0x00fc2000                vector962
                0x00fc2000                vector903
                0x00fc2000                vector554
                0x00fc2000                vector327
                0x00fc2000                vector374
                0x00fc2000                vector811
                0x00fc2000                vector100
                0x00fc2000                vector394
                0x00fc2000                vector331
                0x00fc2000                vector9
                0x00fc2000                vector860
                0x00fc2000                vector142
                0x00fc2000                vector458
                0x00fc2000                vector201
                0x00fc2000                vector745
                0x00fc2000                vector935
                0x00fc2000                vector470
                0x00fc2000                vector758
                0x00fc2000                vector977
                0x00fc2000                vector473
                0x00fc2000                vector23
                0x00fc2000                vector678
                0x00fc2000                vector445
                0x00fc2000                vector261
                0x00fc2000                vector792
                0x00fc2000                vector597
                0x00fc2000                vector361
                0x00fc2000                vector845
                0x00fc2000                vector631
                0x00fc2000                vector751
                0x00fc2000                vector208
                0x00fc2000                vector482
                0x00fc2000                vector696
                0x00fc2000                vector443
                0x00fc2000                vector145
                0x00fc2000                vector777
                0x00fc2000                vector964
                0x00fc2000                vector853
                0x00fc2000                vector422
                0x00fc2000                vector570
                0x00fc2000                vector896
                0x00fc2000                vector651
                0x00fc2000                vector281
                0x00fc2000                vector805
                0x00fc2000                vector1021
                0x00fc2000                vector107
                0x00fc2000                vector40
                0x00fc2000                vector732
                0x00fc2000                vector1010
                0x00fc2000                vector724
                0x00fc2000                vector746
                0x00fc2000                vector855
                0x00fc2000                vector963
                0x00fc2000                vector921
                0x00fc2000                vector700
                0x00fc2000                vector102
                0x00fc2000                vector486
                0x00fc2000                vector465
                0x00fc2000                vector898
                0x00fc2000                vector789
                0x00fc2000                vector301
                0x00fc2000                vector730
                0x00fc2000                vector297
                0x00fc2000                vector526
                0x00fc2000                vector176
                0x00fc2000                vector857
                0x00fc2000                vector544
                0x00fc2000                vector194
                0x00fc2000                vector396
                0x00fc2000                vector97
                0x00fc2000                vector98
                0x00fc2000                vector438
                0x00fc2000                vector573
                0x00fc2000                vector707
                0x00fc2000                vector784
                0x00fc2000                vector402
                0x00fc2000                vector32
                0x00fc2000                vector693
                0x00fc2000                vector951
                0x00fc2000                vector622
                0x00fc2000                vector252
                0x00fc2000                vector0
                0x00fc2000                vector828
                0x00fc2000                vector667
                0x00fc2000                vector775
                0x00fc2000                vector131
                0x00fc2000                vector589
                0x00fc2000                vector810
                0x00fc2000                vector549
                0x00fc2000                vector199
                0x00fc2000                vector741
                0x00fc2000                vector448
                0x00fc2000                vector705
                0x00fc2000                vector858
                0x00fc2000                vector409
                0x00fc2000                vector688
                0x00fc2000                vector313
                0x00fc2000                vector895
                0x00fc2000                vector483
                0x00fc2000                vector840
                0x00fc2000                vector440
                0x00fc2000                vector793
                0x00fc2000                vector885
                0x00fc2000                vector125
                0x00fc2000                vector1016
                0x00fc2000                vector645
                0x00fc2000                vector275
                0x00fc2000                vector813
                0x00fc2000                vector702
                0x00fc2000                vector391
                0x00fc2000                vector196
                0x00fc2000                vector588
                0x00fc2000                vector660
                0x00fc2000                vector290
                0x00fc2000                vector629
                0x00fc2000                vector546
                0x00fc2000                vector193
                0x00fc2000                vector875
                0x00fc2000                vector324
                0x00fc2000                vector981
                0x00fc2000                vector356
                0x00fc2000                vector216
                0x00fc2000                vector26
                0x00fc2000                vector113
                0x00fc2000                vector35
                0x00fc2000                vector733
                0x00fc2000                vector778
                0x00fc2000                vector614
                0x00fc2000                vector1006
                0x00fc2000                vector140
                0x00fc2000                vector92
                0x00fc2000                vector305
                0x00fc2000                vector846
                0x00fc2000                vector610
                0x00fc2000                vector240
                0x00fc2000                vector791
                0x00fc2000                vector19
                0x00fc2000                vector453
                0x00fc2000                vector498
                0x00fc2000                vector806
                0x00fc2000                vector797
                0x00fc2000                vector39
                0x00fc2000                vector518
                0x00fc2000                vector168
                0x00fc2000                vector592
                0x00fc2000                vector871
                0x00fc2000                vector428
                0x00fc2000                vector673
                0x00fc2000                vector752
                0x00fc2000                vector45
                0x00fc2000                vector79
                0x00fc2000                vector229
                0x00fc2000                vector508
                0x00fc2000                vector158
                0x00fc2000                vector259
                0x00fc2000                vector209
                0x00fc2000                vector369
                0x00fc2000                vector856
                0x00fc2000                vector672
                0x00fc2000                vector576
                0x00fc2000                vector899
                0x00fc2000                vector47
                0x00fc2000                vector212
                0x00fc2000                vector159
                0x00fc2000                vector509
                0x00fc2000                vector558
                0x00fc2000                vector574
                0x00fc2000                vector825
                0x00fc2000                vector533
                0x00fc2000                vector183
                0x00fc2000                vector948
                0x00fc2000                vector228
                0x00fc2000                vector42
                0x00fc2000                vector958
                0x00fc2000                vector377
                0x00fc2000                vector130
                0x00fc2000                vector788
                0x00fc2000                vector616
                0x00fc2000                vector913
                0x00fc2000                vector143
                0x00fc2000                vector175
                0x00fc2000                vector334
                0x00fc2000                vector114
                0x00fc2000                vector901
                0x00fc2000                vector674
                0x00fc2000                vector525
                0x00fc2000                vector84
                0x00fc2000                vector85
                0x00fc2000                vector399
                0x00fc2000                vector1004
                0x00fc2000                vector832
                0x00fc2000                vector395
                0x00fc2000                vector520
                0x00fc2000                vector706
                0x00fc2000                vector4
                0x00fc2000                vector691
                0x00fc2000                vector433
                0x00fc2000                vector917
                0x00fc2000                vector852
                0x00fc2000                vector478
                0x00fc2000                vector965
                0x00fc2000                vector170
                0x00fc2000                vector136
                0x00fc2000                vector10
                0x00fc2000                vector371
                0x00fc2000                vector531
                0x00fc2000                vector181
                0x00fc2000                vector890
                0x00fc2000                vector801
                0x00fc2000                vector317
                0x00fc2000                vector400
                0x00fc2000                vector255
                0x00fc2000                vector808
                0x00fc2000                vector206
                0x00fc2000                vector560
                0x00fc2000                vector922
                0x00fc2000                vector625
                0x00fc2000                vector884

constructors    0x00fc2004        0x0
                [!provide]                PROVIDE (__init_array_start, .)
 *(SORT(.init_array.*))
 *(.init_array)
                [!provide]                PROVIDE (__init_array_end, .)

destructors     0x00fc2004        0x0
                [!provide]                PROVIDE (__fini_array_start, .)
 *(.fini_array)
 *(SORT(.fini_array.*))
                [!provide]                PROVIDE (__fini_array_end, .)

.text_vle
 *(.text_vle)
 *(.text_vle.*)
 *(.gnu.linkonce.t_vle.*)

.text           0x00fc2010     0x9858
 *(.text)
 .text          0x00fc2010       0x44 c:/users/shehan/documents/environments/spc5_env/toolchain/bin/../lib/gcc/powerpc-eabivle/4.9.4/e200z2\libgcc.a(_fixunssfsi.o)
                0x00fc2010                __fixunssfsi
 *fill*         0x00fc2054        0xc 
 .text          0x00fc2060      0x242 c:/users/shehan/documents/environments/spc5_env/toolchain/bin/../lib/gcc/powerpc-eabivle/4.9.4/e200z2\libgcc.a(_addsub_sf.o)
                0x00fc2204                __addsf3
                0x00fc2250                __subsf3
 *fill*         0x00fc22a2        0xe 
 .text          0x00fc22b0      0x17e c:/users/shehan/documents/environments/spc5_env/toolchain/bin/../lib/gcc/powerpc-eabivle/4.9.4/e200z2\libgcc.a(_mul_sf.o)
                0x00fc22b0                __mulsf3
 *fill*         0x00fc242e        0x2 
 .text          0x00fc2430       0xfc c:/users/shehan/documents/environments/spc5_env/toolchain/bin/../lib/gcc/powerpc-eabivle/4.9.4/e200z2\libgcc.a(_div_sf.o)
                0x00fc2430                __divsf3
 *fill*         0x00fc252c        0x4 
 .text          0x00fc2530       0x5a c:/users/shehan/documents/environments/spc5_env/toolchain/bin/../lib/gcc/powerpc-eabivle/4.9.4/e200z2\libgcc.a(_ge_sf.o)
                0x00fc2530                __gesf2
 *fill*         0x00fc258a        0x6 
 .text          0x00fc2590       0x5a c:/users/shehan/documents/environments/spc5_env/toolchain/bin/../lib/gcc/powerpc-eabivle/4.9.4/e200z2\libgcc.a(_le_sf.o)
                0x00fc2590                __lesf2
 *fill*         0x00fc25ea        0x6 
 .text          0x00fc25f0       0x88 c:/users/shehan/documents/environments/spc5_env/toolchain/bin/../lib/gcc/powerpc-eabivle/4.9.4/e200z2\libgcc.a(_sf_to_si.o)
                0x00fc25f0                __fixsfsi
 *fill*         0x00fc2678        0x8 
 .text          0x00fc2680     0x2794 c:/users/shehan/documents/environments/spc5_env/toolchain/bin/../lib/gcc/powerpc-eabivle/4.9.4/e200z2\libgcc.a(unwind-dw2.o)
                0x00fc4538                _Unwind_GetGR
                0x00fc4598                _Unwind_GetCFA
                0x00fc45a0                _Unwind_SetGR
                0x00fc4614                _Unwind_GetIP
                0x00fc461c                _Unwind_GetIPInfo
                0x00fc462c                _Unwind_SetIP
                0x00fc4634                _Unwind_GetLanguageSpecificData
                0x00fc463c                _Unwind_GetRegionStart
                0x00fc4644                _Unwind_FindEnclosingFunction
                0x00fc4668                _Unwind_GetDataRelBase
                0x00fc4670                _Unwind_GetTextRelBase
                0x00fc4678                __frame_state_for
                0x00fc475c                _Unwind_RaiseException
                0x00fc4910                _Unwind_ForcedUnwind
                0x00fc4a50                _Unwind_Resume
                0x00fc4b94                _Unwind_Resume_or_Rethrow
                0x00fc4cdc                _Unwind_DeleteException
                0x00fc4cf0                _Unwind_Backtrace
 *fill*         0x00fc4e14        0xc 
 .text          0x00fc4e20     0x111a c:/users/shehan/documents/environments/spc5_env/toolchain/bin/../lib/gcc/powerpc-eabivle/4.9.4/e200z2\libgcc.a(unwind-dw2-fde.o)
                0x00fc5bfc                __register_frame_info_bases
                0x00fc5c2c                __register_frame_info
                0x00fc5c60                __register_frame
                0x00fc5ca4                __register_frame_info_table_bases
                0x00fc5cc4                __register_frame_info_table
                0x00fc5ce8                __register_frame_table
                0x00fc5d24                __deregister_frame_info_bases
                0x00fc5df8                __deregister_frame_info
                0x00fc5dfc                __deregister_frame
                0x00fc5e24                _Unwind_Find_FDE
 *fill*         0x00fc5f3a        0x6 
 .text          0x00fc5f40      0x118 c:/users/shehan/documents/environments/spc5_env/toolchain/bin/../lib/gcc/powerpc-eabivle/4.9.4/e200z2\libgcc.a(_pack_sf.o)
                0x00fc5f40                __pack_f
 *fill*         0x00fc6058        0x8 
 .text          0x00fc6060       0x80 c:/users/shehan/documents/environments/spc5_env/toolchain/bin/../lib/gcc/powerpc-eabivle/4.9.4/e200z2\libgcc.a(_unpack_sf.o)
                0x00fc6060                __unpack_f
 .text          0x00fc60e0       0xa2 c:/users/shehan/documents/environments/spc5_env/toolchain/bin/../lib/gcc/powerpc-eabivle/4.9.4/e200z2\libgcc.a(_fpcmp_parts_sf.o)
                0x00fc60e0                __fpcmp_parts_f
 *fill*         0x00fc6182        0xe 
 .text          0x00fc6190       0x52 c:/users/shehan/documents/environments/spc5_env/toolchain/bin/../lib/gcc/powerpc-eabivle/4.9.4/e200z2\libgcc.a(e200crtresxgpr.o)
                0x00fc6190                _restgpr_14_x
                0x00fc6194                _restgpr_15_x
                0x00fc6198                _restgpr_16_x
                0x00fc619c                _restgpr_17_x
                0x00fc61a0                _restgpr_18_x
                0x00fc61a4                _restgpr_19_x
                0x00fc61a8                _restgpr_20_x
                0x00fc61ac                _restgpr_21_x
                0x00fc61b0                _restgpr_22_x
                0x00fc61b4                _restgpr_23_x
                0x00fc61b8                _restgpr_24_x
                0x00fc61bc                _restgpr_25_x
                0x00fc61c0                _restgpr_26_x
                0x00fc61c4                _restgpr_27_x
                0x00fc61c8                _restgpr_28_x
                0x00fc61cc                _restgpr_29_x
                0x00fc61d0                _restgpr_30_x
                0x00fc61d4                _restgpr_31_x
 *(.text.*)
 *fill*         0x00fc61e2        0xe 
 .text.spc5LLDInit
                0x00fc61f0       0x1a build/obj/spc5_lld.o
                0x00fc61f0                spc5LLDInit
 *fill*         0x00fc620a        0x6 
 .text.vector52
                0x00fc6210       0x6c build/obj/spc5_edma.o
                0x00fc6210                vector52
 *fill*         0x00fc627c        0x4 
 .text.vector53
                0x00fc6280       0x5c build/obj/spc5_edma.o
                0x00fc6280                vector53
 *fill*         0x00fc62dc        0x4 
 .text.vector54
                0x00fc62e0       0x5c build/obj/spc5_edma.o
                0x00fc62e0                vector54
 *fill*         0x00fc633c        0x4 
 .text.vector55
                0x00fc6340       0x5c build/obj/spc5_edma.o
                0x00fc6340                vector55
 *fill*         0x00fc639c        0x4 
 .text.vector56
                0x00fc63a0       0x5c build/obj/spc5_edma.o
                0x00fc63a0                vector56
 *fill*         0x00fc63fc        0x4 
 .text.vector57
                0x00fc6400       0x5c build/obj/spc5_edma.o
                0x00fc6400                vector57
 *fill*         0x00fc645c        0x4 
 .text.vector58
                0x00fc6460       0x5c build/obj/spc5_edma.o
                0x00fc6460                vector58
 *fill*         0x00fc64bc        0x4 
 .text.vector59
                0x00fc64c0       0x5c build/obj/spc5_edma.o
                0x00fc64c0                vector59
 *fill*         0x00fc651c        0x4 
 .text.vector60
                0x00fc6520       0x5c build/obj/spc5_edma.o
                0x00fc6520                vector60
 *fill*         0x00fc657c        0x4 
 .text.vector61
                0x00fc6580       0x5c build/obj/spc5_edma.o
                0x00fc6580                vector61
 *fill*         0x00fc65dc        0x4 
 .text.vector62
                0x00fc65e0       0x5c build/obj/spc5_edma.o
                0x00fc65e0                vector62
 *fill*         0x00fc663c        0x4 
 .text.vector63
                0x00fc6640       0x5c build/obj/spc5_edma.o
                0x00fc6640                vector63
 *fill*         0x00fc669c        0x4 
 .text.vector64
                0x00fc66a0       0x5c build/obj/spc5_edma.o
                0x00fc66a0                vector64
 *fill*         0x00fc66fc        0x4 
 .text.vector65
                0x00fc6700       0x5c build/obj/spc5_edma.o
                0x00fc6700                vector65
 *fill*         0x00fc675c        0x4 
 .text.vector66
                0x00fc6760       0x5c build/obj/spc5_edma.o
                0x00fc6760                vector66
 *fill*         0x00fc67bc        0x4 
 .text.vector67
                0x00fc67c0       0x5c build/obj/spc5_edma.o
                0x00fc67c0                vector67
 *fill*         0x00fc681c        0x4 
 .text.vector68
                0x00fc6820       0x5c build/obj/spc5_edma.o
                0x00fc6820                vector68
 *fill*         0x00fc687c        0x4 
 .text.edmaInit
                0x00fc6880       0x56 build/obj/spc5_edma.o
                0x00fc6880                edmaInit
 *fill*         0x00fc68d6        0xa 
 .text.can_lld_getframesize
                0x00fc68e0       0x3e build/obj/can_lld.o
                0x00fc68e0                can_lld_getframesize
 *fill*         0x00fc691e        0x2 
 .text.can_lld_readBuffer
                0x00fc6920      0x12a build/obj/can_lld.o
                0x00fc6920                can_lld_readBuffer
 *fill*         0x00fc6a4a        0x6 
 .text.can_lld_getDLC
                0x00fc6a50       0x48 build/obj/can_lld.o
                0x00fc6a50                can_lld_getDLC
 *fill*         0x00fc6a98        0x8 
 .text.can_lld_writeTxBuffer
                0x00fc6aa0      0x108 build/obj/can_lld.o
                0x00fc6aa0                can_lld_writeTxBuffer
 *fill*         0x00fc6ba8        0x8 
 .text.vector694
                0x00fc6bb0      0x4e6 build/obj/can_lld.o
                0x00fc6bb0                vector694
 *fill*         0x00fc7096        0xa 
 .text.vector695
                0x00fc70a0      0x4a4 build/obj/can_lld.o
                0x00fc70a0                vector695
 *fill*         0x00fc7544        0xc 
 .text.can_lld_init
                0x00fc7550       0x5e build/obj/can_lld.o
                0x00fc7550                can_lld_init
 *fill*         0x00fc75ae        0x2 
 .text.can_lld_start
                0x00fc75b0      0x720 build/obj/can_lld.o
                0x00fc75b0                can_lld_start
 .text.can_lld_transmit
                0x00fc7cd0      0x120 build/obj/can_lld.o
                0x00fc7cd0                can_lld_transmit
 .text.vector543
                0x00fc7df0      0x116 build/obj/saradc_lld.o
                0x00fc7df0                vector543
 *fill*         0x00fc7f06        0xa 
 .text.saradc_lld_init
                0x00fc7f10       0x2a build/obj/saradc_lld.o
                0x00fc7f10                saradc_lld_init
 *fill*         0x00fc7f3a        0x6 
 .text.saradc_lld_start
                0x00fc7f40      0x3be build/obj/saradc_lld.o
                0x00fc7f40                saradc_lld_start
 *fill*         0x00fc82fe        0x2 
 .text.saradc_lld_start_conversion
                0x00fc8300        0xe build/obj/saradc_lld.o
                0x00fc8300                saradc_lld_start_conversion
 *fill*         0x00fc830e        0x2 
 .text.saradc_lld_readchannel
                0x00fc8310       0x3a build/obj/saradc_lld.o
                0x00fc8310                saradc_lld_readchannel
 *fill*         0x00fc834a        0x6 
 .text.pal_init
                0x00fc8350      0x104 build/obj/pal.o
                0x00fc8350                pal_init
 *fill*         0x00fc8454        0xc 
 .text.clockInit
                0x00fc8460       0x32 build/obj/clock.o
                0x00fc8460                clockInit
 *fill*         0x00fc8492        0xe 
 .text.spc_clock_init
                0x00fc84a0      0x304 build/obj/clock.o
                0x00fc84a0                spc_clock_init
 *fill*         0x00fc87a4        0xc 
 .text.__early_init
                0x00fc87b0        0x4 build/obj/clock.o
                0x00fc87b0                __early_init
 *fill*         0x00fc87b4        0xc 
 .text.SPCSetPeripheralClockMode
                0x00fc87c0       0x40 build/obj/clock.o
                0x00fc87c0                SPCSetPeripheralClockMode
 .text.irqInit  0x00fc8800       0x2a build/obj/irq.o
                0x00fc8800                irqInit
 *fill*         0x00fc882a        0x6 
 .text.irqSysHalt
                0x00fc8830        0x8 build/obj/irq.o
                0x00fc8830                irqSysHalt
 *fill*         0x00fc8838        0x8 
 .text.vector243
                0x00fc8840       0xa6 build/obj/eirq.o
                0x00fc8840                vector243
 *fill*         0x00fc88e6        0xa 
 .text.vector244
                0x00fc88f0       0xa6 build/obj/eirq.o
                0x00fc88f0                vector244
 *fill*         0x00fc8996        0xa 
 .text.vector245
                0x00fc89a0       0xa6 build/obj/eirq.o
                0x00fc89a0                vector245
 *fill*         0x00fc8a46        0xa 
 .text.vector246
                0x00fc8a50       0xa6 build/obj/eirq.o
                0x00fc8a50                vector246
 *fill*         0x00fc8af6        0xa 
 .text.eirqInit
                0x00fc8b00       0xf4 build/obj/eirq.o
                0x00fc8b00                eirqInit
 *fill*         0x00fc8bf4        0xc 
 .text.osalSysTimeDelayTicks
                0x00fc8c00       0x18 build/obj/osal.o
 *fill*         0x00fc8c18        0x8 
 .text.osalSysTimeGetTicks
                0x00fc8c20        0xa build/obj/osal.o
 *fill*         0x00fc8c2a        0x6 
 .text.osalIsrEnable
                0x00fc8c30       0x2a build/obj/osal.o
 *fill*         0x00fc8c5a        0x6 
 .text.osalIsrDisable
                0x00fc8c60       0x32 build/obj/osal.o
 *fill*         0x00fc8c92        0xe 
 .text.vector226
                0x00fc8ca0       0x12 build/obj/osal.o
                0x00fc8ca0                vector226
 *fill*         0x00fc8cb2        0xe 
 .text.osalThreadDelayMicroseconds
                0x00fc8cc0       0x34 build/obj/osal.o
                0x00fc8cc0                osalThreadDelayMicroseconds
 *fill*         0x00fc8cf4        0xc 
 .text.osalThreadGetMilliseconds
                0x00fc8d00       0x2c build/obj/osal.o
                0x00fc8d00                osalThreadGetMilliseconds
 *fill*         0x00fc8d2c        0x4 
 .text.osalThreadGetMicroseconds
                0x00fc8d30       0x32 build/obj/osal.o
                0x00fc8d30                osalThreadGetMicroseconds
 *fill*         0x00fc8d62        0xe 
 .text.osalInit
                0x00fc8d70       0x6c build/obj/osal.o
                0x00fc8d70                osalInit
 *fill*         0x00fc8ddc        0x4 
 .text.sysTimeSetup
                0x00fc8de0       0x58 build/obj/systimer.o
                0x00fc8de0                sysTimeSetup
 *fill*         0x00fc8e38        0x8 
 .text.sysTimeReset
                0x00fc8e40       0x18 build/obj/systimer.o
                0x00fc8e40                sysTimeReset
 *fill*         0x00fc8e58        0x8 
 .text.boardInit
                0x00fc8e60        0xc build/obj/board.o
                0x00fc8e60                boardInit
 *fill*         0x00fc8e6c        0x4 
 .text.irq_cfg_init
                0x00fc8e70        0x2 build/obj/irq_cfg.o
                0x00fc8e70                irq_cfg_init
 *fill*         0x00fc8e72        0xe 
 .text.componentsInit
                0x00fc8e80       0x26 build/obj/components.o
                0x00fc8e80                componentsInit
 *fill*         0x00fc8ea6        0xa 
 .text._ZN16momentary_Device14control_signalEb
                0x00fc8eb0        0x6 build/obj/main.o
                0x00fc8eb0                momentary_Device::control_signal(bool)
 *fill*         0x00fc8eb6        0xa 
 .text._ZN12latch_Device14control_signalEb
                0x00fc8ec0       0x14 build/obj/main.o
                0x00fc8ec0                latch_Device::control_signal(bool)
 *fill*         0x00fc8ed4        0xc 
 .text._ZN13toggle_Device14control_signalEb
                0x00fc8ee0       0x14 build/obj/main.o
                0x00fc8ee0                toggle_Device::control_signal(bool)
 *fill*         0x00fc8ef4        0xc 
 .text._ZN17TurnSignal_Module8activateEv
                0x00fc8f00       0x74 build/obj/main.o
                0x00fc8f00                TurnSignal_Module::activate()
 *fill*         0x00fc8f74        0xc 
 .text._ZN11Horn_Module8activateEv
                0x00fc8f80       0x56 build/obj/main.o
                0x00fc8f80                Horn_Module::activate()
 *fill*         0x00fc8fd6        0xa 
 .text._ZN14PDU_FAN_Module8activateEv
                0x00fc8fe0       0xb6 build/obj/main.o
                0x00fc8fe0                PDU_FAN_Module::activate()
 *fill*         0x00fc9096        0xa 
 .text.ADC_init
                0x00fc90a0       0x2e build/obj/main.o
                0x00fc90a0                ADC_init
 *fill*         0x00fc90ce        0x2 
 .text.saradcconf_conv_cb
                0x00fc90d0       0x56 build/obj/main.o
                0x00fc90d0                saradcconf_conv_cb
 *fill*         0x00fc9126        0xa 
 .text._ZN7Channel15channel_on_implEv
                0x00fc9130       0x36 build/obj/main.o
                0x00fc9130                Channel::channel_on_impl()
 *fill*         0x00fc9166        0xa 
 .text._ZN7Channel8activateEv
                0x00fc9170       0x3c build/obj/main.o
                0x00fc9170                Channel::activate()
 *fill*         0x00fc91ac        0x4 
 .text._ZN12latch_Device8activateEv
                0x00fc91b0       0x1a build/obj/main.o
                0x00fc91b0                latch_Device::activate()
 *fill*         0x00fc91ca        0x6 
 .text._ZN13toggle_Device8activateEv
                0x00fc91d0       0x50 build/obj/main.o
                0x00fc91d0                toggle_Device::activate()
 .text._ZN16momentary_Device8activateEv
                0x00fc9220       0x1a build/obj/main.o
                0x00fc9220                momentary_Device::activate()
 *fill*         0x00fc923a        0x6 
 .text._Z12button_stateP13buttonInput_t
                0x00fc9240       0xc6 build/obj/main.o
                0x00fc9240                button_state(buttonInput_t*)
 *fill*         0x00fc9306        0xa 
 .text._ZN12latch_Device14evaluate_pressEv
                0x00fc9310       0x42 build/obj/main.o
                0x00fc9310                latch_Device::evaluate_press()
 *fill*         0x00fc9352        0xe 
 .text._ZN13toggle_Device14evaluate_pressEv
                0x00fc9360       0x42 build/obj/main.o
                0x00fc9360                toggle_Device::evaluate_press()
 *fill*         0x00fc93a2        0xe 
 .text._ZN16momentary_Device14evaluate_pressEv
                0x00fc93b0       0x3c build/obj/main.o
                0x00fc93b0                momentary_Device::evaluate_press()
 *fill*         0x00fc93ec        0x4 
 .text._ZN16HeadLight_Module8activateEv
                0x00fc93f0      0x124 build/obj/main.o
                0x00fc93f0                HeadLight_Module::activate()
 *fill*         0x00fc9514        0xc 
 .text.can_decode
                0x00fc9520       0x46 build/obj/main.o
                0x00fc9520                can_decode
 *fill*         0x00fc9566        0xa 
 .text.sbrk     0x00fc9570       0x4e build/obj/main.o
                0x00fc9570                sbrk
 *fill*         0x00fc95be        0x2 
 .text._exit    0x00fc95c0        0x4 build/obj/main.o
                0x00fc95c0                _exit
 *fill*         0x00fc95c4        0xc 
 .text.getpid   0x00fc95d0        0x4 build/obj/main.o
                0x00fc95d0                getpid
 *fill*         0x00fc95d4        0xc 
 .text.kill     0x00fc95e0        0x4 build/obj/main.o
                0x00fc95e0                kill
 *fill*         0x00fc95e4        0xc 
 .text._Z14create_devicesv
                0x00fc95f0      0x1b8 build/obj/main.o
                0x00fc95f0                create_devices()
 *fill*         0x00fc97a8        0x8 
 .text._Z16PDU_getData_read10CANRxFrame
                0x00fc97b0       0xc4 build/obj/main.o
                0x00fc97b0                PDU_getData_read(CANRxFrame)
 *fill*         0x00fc9874        0xc 
 .text._Z14create_modulesv
                0x00fc9880       0xa4 build/obj/main.o
                0x00fc9880                create_modules()
 *fill*         0x00fc9924        0xc 
 .text.CAN_init
                0x00fc9930       0x3c build/obj/main.o
                0x00fc9930                CAN_init
 *fill*         0x00fc996c        0x4 
 .text.mcanconf_ext_rxcb
                0x00fc9970      0x10a build/obj/main.o
                0x00fc9970                mcanconf_ext_rxcb
 *fill*         0x00fc9a7a        0x6 
 .text.startup.main
                0x00fc9a80      0x11c build/obj/main.o
                0x00fc9a80                main
 *fill*         0x00fc9b9c        0x4 
 .text.__errno  0x00fc9ba0        0xa c:/users/shehan/documents/environments/spc5_env/toolchain/bin/../lib/gcc/powerpc-eabivle/4.9.4/../../../../powerpc-eabivle/lib/e200z2\libc.a(lib_a-errno.o)
                0x00fc9ba0                __errno
 *fill*         0x00fc9baa        0x6 
 .text.memset   0x00fc9bb0       0x16 c:/users/shehan/documents/environments/spc5_env/toolchain/bin/../lib/gcc/powerpc-eabivle/4.9.4/../../../../powerpc-eabivle/lib/e200z2\libc.a(lib_a-memset.o)
                0x00fc9bb0                memset
 *fill*         0x00fc9bc6        0xa 
 .text._Znwj    0x00fc9bd0       0x68 c:/users/shehan/documents/environments/spc5_env/toolchain/bin/../lib/gcc/powerpc-eabivle/4.9.4/../../../../powerpc-eabivle/lib/e200z2\libstdc++.a(new_op.o)
                0x00fc9bd0                operator new(unsigned int)
 *fill*         0x00fc9c38        0x8 
 .text._ZNKSt9bad_alloc4whatEv
                0x00fc9c40        0xa c:/users/shehan/documents/environments/spc5_env/toolchain/bin/../lib/gcc/powerpc-eabivle/4.9.4/../../../../powerpc-eabivle/lib/e200z2\libstdc++.a(bad_alloc.o)
                0x00fc9c40                std::bad_alloc::what() const
 *fill*         0x00fc9c4a        0x6 
 .text._ZNSt9bad_allocD2Ev
                0x00fc9c50        0xe c:/users/shehan/documents/environments/spc5_env/toolchain/bin/../lib/gcc/powerpc-eabivle/4.9.4/../../../../powerpc-eabivle/lib/e200z2\libstdc++.a(bad_alloc.o)
                0x00fc9c50                std::bad_alloc::~bad_alloc()
                0x00fc9c50                std::bad_alloc::~bad_alloc()
 *fill*         0x00fc9c5e        0x2 
 .text._ZNSt9bad_allocD0Ev
                0x00fc9c60       0x28 c:/users/shehan/documents/environments/spc5_env/toolchain/bin/../lib/gcc/powerpc-eabivle/4.9.4/../../../../powerpc-eabivle/lib/e200z2\libstdc++.a(bad_alloc.o)
                0x00fc9c60                std::bad_alloc::~bad_alloc()
 *fill*         0x00fc9c88        0x8 
 .text._ZNSt9exceptionD2Ev
                0x00fc9c90        0x2 c:/users/shehan/documents/environments/spc5_env/toolchain/bin/../lib/gcc/powerpc-eabivle/4.9.4/../../../../powerpc-eabivle/lib/e200z2\libstdc++.a(eh_exception.o)
                0x00fc9c90                std::exception::~exception()
                0x00fc9c90                std::exception::~exception()
 *fill*         0x00fc9c92        0xe 
 .text._ZNSt13bad_exceptionD2Ev
                0x00fc9ca0        0x2 c:/users/shehan/documents/environments/spc5_env/toolchain/bin/../lib/gcc/powerpc-eabivle/4.9.4/../../../../powerpc-eabivle/lib/e200z2\libstdc++.a(eh_exception.o)
                0x00fc9ca0                std::bad_exception::~bad_exception()
                0x00fc9ca0                std::bad_exception::~bad_exception()
 *fill*         0x00fc9ca2        0xe 
 .text._ZNKSt13bad_exception4whatEv
                0x00fc9cb0        0xa c:/users/shehan/documents/environments/spc5_env/toolchain/bin/../lib/gcc/powerpc-eabivle/4.9.4/../../../../powerpc-eabivle/lib/e200z2\libstdc++.a(eh_exception.o)
                0x00fc9cb0                std::bad_exception::what() const
 *fill*         0x00fc9cba        0x6 
 .text._ZNSt13bad_exceptionD0Ev
                0x00fc9cc0        0x4 c:/users/shehan/documents/environments/spc5_env/toolchain/bin/../lib/gcc/powerpc-eabivle/4.9.4/../../../../powerpc-eabivle/lib/e200z2\libstdc++.a(eh_exception.o)
                0x00fc9cc0                std::bad_exception::~bad_exception()
 *fill*         0x00fc9cc4        0xc 
 .text.__cxa_allocate_exception
                0x00fc9cd0       0x7e c:/users/shehan/documents/environments/spc5_env/toolchain/bin/../lib/gcc/powerpc-eabivle/4.9.4/../../../../powerpc-eabivle/lib/e200z2\libstdc++.a(eh_alloc.o)
                0x00fc9cd0                __cxa_allocate_exception
 *fill*         0x00fc9d4e        0x2 
 .text.__cxa_free_exception
                0x00fc9d50       0x3c c:/users/shehan/documents/environments/spc5_env/toolchain/bin/../lib/gcc/powerpc-eabivle/4.9.4/../../../../powerpc-eabivle/lib/e200z2\libstdc++.a(eh_alloc.o)
                0x00fc9d50                __cxa_free_exception
 *fill*         0x00fc9d8c        0x4 
 .text._ZdlPv   0x00fc9d90        0x4 c:/users/shehan/documents/environments/spc5_env/toolchain/bin/../lib/gcc/powerpc-eabivle/4.9.4/../../../../powerpc-eabivle/lib/e200z2\libstdc++.a(del_op.o)
                0x00fc9d90                operator delete(void*)
 *fill*         0x00fc9d94        0xc 
 .text._ZL23__gxx_exception_cleanup19_Unwind_Reason_CodeP17_Unwind_Exception
                0x00fc9da0       0x64 c:/users/shehan/documents/environments/spc5_env/toolchain/bin/../lib/gcc/powerpc-eabivle/4.9.4/../../../../powerpc-eabivle/lib/e200z2\libstdc++.a(eh_throw.o)
 *fill*         0x00fc9e04        0xc 
 .text.__cxa_throw
                0x00fc9e10       0x72 c:/users/shehan/documents/environments/spc5_env/toolchain/bin/../lib/gcc/powerpc-eabivle/4.9.4/../../../../powerpc-eabivle/lib/e200z2\libstdc++.a(eh_throw.o)
                0x00fc9e10                __cxa_throw
 *fill*         0x00fc9e82        0xe 
 .text.__cxa_rethrow
                0x00fc9e90       0x6a c:/users/shehan/documents/environments/spc5_env/toolchain/bin/../lib/gcc/powerpc-eabivle/4.9.4/../../../../powerpc-eabivle/lib/e200z2\libstdc++.a(eh_throw.o)
                0x00fc9e90                __cxa_rethrow
 *fill*         0x00fc9efa        0x6 
 .text._ZNK10__cxxabiv117__class_type_info11__do_upcastEPKS0_PPv
                0x00fc9f00       0x42 c:/users/shehan/documents/environments/spc5_env/toolchain/bin/../lib/gcc/powerpc-eabivle/4.9.4/../../../../powerpc-eabivle/lib/e200z2\libstdc++.a(class_type_info.o)
                0x00fc9f00                __cxxabiv1::__class_type_info::__do_upcast(__cxxabiv1::__class_type_info const*, void**) const
 *fill*         0x00fc9f42        0xe 
 .text._ZNK10__cxxabiv117__class_type_info20__do_find_public_srcEiPKvPKS0_S2_
                0x00fc9f50        0xc c:/users/shehan/documents/environments/spc5_env/toolchain/bin/../lib/gcc/powerpc-eabivle/4.9.4/../../../../powerpc-eabivle/lib/e200z2\libstdc++.a(class_type_info.o)
                0x00fc9f50                __cxxabiv1::__class_type_info::__do_find_public_src(int, void const*, __cxxabiv1::__class_type_info const*, void const*) const
 *fill*         0x00fc9f5c        0x4 
 .text._ZN10__cxxabiv117__class_type_infoD2Ev
                0x00fc9f60        0xe c:/users/shehan/documents/environments/spc5_env/toolchain/bin/../lib/gcc/powerpc-eabivle/4.9.4/../../../../powerpc-eabivle/lib/e200z2\libstdc++.a(class_type_info.o)
                0x00fc9f60                __cxxabiv1::__class_type_info::~__class_type_info()
                0x00fc9f60                __cxxabiv1::__class_type_info::~__class_type_info()
 *fill*         0x00fc9f6e        0x2 
 .text._ZN10__cxxabiv117__class_type_infoD0Ev
                0x00fc9f70       0x28 c:/users/shehan/documents/environments/spc5_env/toolchain/bin/../lib/gcc/powerpc-eabivle/4.9.4/../../../../powerpc-eabivle/lib/e200z2\libstdc++.a(class_type_info.o)
                0x00fc9f70                __cxxabiv1::__class_type_info::~__class_type_info()
 *fill*         0x00fc9f98        0x8 
 .text._ZNK10__cxxabiv117__class_type_info11__do_upcastEPKS0_PKvRNS0_15__upcast_resultE
                0x00fc9fa0       0x58 c:/users/shehan/documents/environments/spc5_env/toolchain/bin/../lib/gcc/powerpc-eabivle/4.9.4/../../../../powerpc-eabivle/lib/e200z2\libstdc++.a(class_type_info.o)
                0x00fc9fa0                __cxxabiv1::__class_type_info::__do_upcast(__cxxabiv1::__class_type_info const*, void const*, __cxxabiv1::__class_type_info::__upcast_result&) const
 *fill*         0x00fc9ff8        0x8 
 .text._ZNK10__cxxabiv117__class_type_info10__do_catchEPKSt9type_infoPPvj
                0x00fca000       0x72 c:/users/shehan/documents/environments/spc5_env/toolchain/bin/../lib/gcc/powerpc-eabivle/4.9.4/../../../../powerpc-eabivle/lib/e200z2\libstdc++.a(class_type_info.o)
                0x00fca000                __cxxabiv1::__class_type_info::__do_catch(std::type_info const*, void**, unsigned int) const
 *fill*         0x00fca072        0xe 
 .text._ZNK10__cxxabiv117__class_type_info12__do_dyncastEiNS0_10__sub_kindEPKS0_PKvS3_S5_RNS0_16__dyncast_resultE
                0x00fca080       0xb8 c:/users/shehan/documents/environments/spc5_env/toolchain/bin/../lib/gcc/powerpc-eabivle/4.9.4/../../../../powerpc-eabivle/lib/e200z2\libstdc++.a(class_type_info.o)
                0x00fca080                __cxxabiv1::__class_type_info::__do_dyncast(int, __cxxabiv1::__class_type_info::__sub_kind, __cxxabiv1::__class_type_info const*, void const*, __cxxabiv1::__class_type_info const*, void const*, __cxxabiv1::__class_type_info::__dyncast_result&) const
 *fill*         0x00fca138        0x8 
 .text._ZSt15get_new_handlerv
                0x00fca140       0x14 c:/users/shehan/documents/environments/spc5_env/toolchain/bin/../lib/gcc/powerpc-eabivle/4.9.4/../../../../powerpc-eabivle/lib/e200z2\libstdc++.a(new_handler.o)
                0x00fca140                std::get_new_handler()
 *fill*         0x00fca154        0xc 
 .text._ZN10__cxxabiv120__si_class_type_infoD2Ev
                0x00fca160        0xe c:/users/shehan/documents/environments/spc5_env/toolchain/bin/../lib/gcc/powerpc-eabivle/4.9.4/../../../../powerpc-eabivle/lib/e200z2\libstdc++.a(si_class_type_info.o)
                0x00fca160                __cxxabiv1::__si_class_type_info::~__si_class_type_info()
                0x00fca160                __cxxabiv1::__si_class_type_info::~__si_class_type_info()
 *fill*         0x00fca16e        0x2 
 .text._ZN10__cxxabiv120__si_class_type_infoD0Ev
                0x00fca170       0x28 c:/users/shehan/documents/environments/spc5_env/toolchain/bin/../lib/gcc/powerpc-eabivle/4.9.4/../../../../powerpc-eabivle/lib/e200z2\libstdc++.a(si_class_type_info.o)
                0x00fca170                __cxxabiv1::__si_class_type_info::~__si_class_type_info()
 *fill*         0x00fca198        0x8 
 .text._ZNK10__cxxabiv120__si_class_type_info12__do_dyncastEiNS_17__class_type_info10__sub_kindEPKS1_PKvS4_S6_RNS1_16__dyncast_resultE
                0x00fca1a0       0xd0 c:/users/shehan/documents/environments/spc5_env/toolchain/bin/../lib/gcc/powerpc-eabivle/4.9.4/../../../../powerpc-eabivle/lib/e200z2\libstdc++.a(si_class_type_info.o)
                0x00fca1a0                __cxxabiv1::__si_class_type_info::__do_dyncast(int, __cxxabiv1::__class_type_info::__sub_kind, __cxxabiv1::__class_type_info const*, void const*, __cxxabiv1::__class_type_info const*, void const*, __cxxabiv1::__class_type_info::__dyncast_result&) const
 .text._ZNK10__cxxabiv120__si_class_type_info20__do_find_public_srcEiPKvPKNS_17__class_type_infoES2_
                0x00fca270       0x64 c:/users/shehan/documents/environments/spc5_env/toolchain/bin/../lib/gcc/powerpc-eabivle/4.9.4/../../../../powerpc-eabivle/lib/e200z2\libstdc++.a(si_class_type_info.o)
                0x00fca270                __cxxabiv1::__si_class_type_info::__do_find_public_src(int, void const*, __cxxabiv1::__class_type_info const*, void const*) const
 *fill*         0x00fca2d4        0xc 
 .text._ZNK10__cxxabiv120__si_class_type_info11__do_upcastEPKNS_17__class_type_infoEPKvRNS1_15__upcast_resultE
                0x00fca2e0       0x44 c:/users/shehan/documents/environments/spc5_env/toolchain/bin/../lib/gcc/powerpc-eabivle/4.9.4/../../../../powerpc-eabivle/lib/e200z2\libstdc++.a(si_class_type_info.o)
                0x00fca2e0                __cxxabiv1::__si_class_type_info::__do_upcast(__cxxabiv1::__class_type_info const*, void const*, __cxxabiv1::__class_type_info::__upcast_result&) const
 *fill*         0x00fca324        0xc 
 .text.__cxa_get_globals_fast
                0x00fca330        0xa c:/users/shehan/documents/environments/spc5_env/toolchain/bin/../lib/gcc/powerpc-eabivle/4.9.4/../../../../powerpc-eabivle/lib/e200z2\libstdc++.a(eh_globals.o)
                0x00fca330                __cxa_get_globals_fast
 *fill*         0x00fca33a        0x6 
 .text.__cxa_get_globals
                0x00fca340        0xa c:/users/shehan/documents/environments/spc5_env/toolchain/bin/../lib/gcc/powerpc-eabivle/4.9.4/../../../../powerpc-eabivle/lib/e200z2\libstdc++.a(eh_globals.o)
                0x00fca340                __cxa_get_globals
 *fill*         0x00fca34a        0x6 
 .text._ZN10__cxxabiv111__terminateEPFvvE
                0x00fca350       0x34 c:/users/shehan/documents/environments/spc5_env/toolchain/bin/../lib/gcc/powerpc-eabivle/4.9.4/../../../../powerpc-eabivle/lib/e200z2\libstdc++.a(eh_terminate.o)
                0x00fca350                __cxxabiv1::__terminate(void (*)())
 *fill*         0x00fca384        0xc 
 .text._ZSt9terminatev
                0x00fca390       0x1e c:/users/shehan/documents/environments/spc5_env/toolchain/bin/../lib/gcc/powerpc-eabivle/4.9.4/../../../../powerpc-eabivle/lib/e200z2\libstdc++.a(eh_terminate.o)
                0x00fca390                std::terminate()
 *fill*         0x00fca3ae        0x2 
 .text._ZN10__cxxabiv112__unexpectedEPFvvE
                0x00fca3b0       0x10 c:/users/shehan/documents/environments/spc5_env/toolchain/bin/../lib/gcc/powerpc-eabivle/4.9.4/../../../../powerpc-eabivle/lib/e200z2\libstdc++.a(eh_terminate.o)
                0x00fca3b0                __cxxabiv1::__unexpected(void (*)())
 .text._ZSt10unexpectedv
                0x00fca3c0       0x1e c:/users/shehan/documents/environments/spc5_env/toolchain/bin/../lib/gcc/powerpc-eabivle/4.9.4/../../../../powerpc-eabivle/lib/e200z2\libstdc++.a(eh_terminate.o)
                0x00fca3c0                std::unexpected()
 *fill*         0x00fca3de        0x2 
 .text._ZSt13get_terminatev
                0x00fca3e0       0x14 c:/users/shehan/documents/environments/spc5_env/toolchain/bin/../lib/gcc/powerpc-eabivle/4.9.4/../../../../powerpc-eabivle/lib/e200z2\libstdc++.a(eh_terminate.o)
                0x00fca3e0                std::get_terminate()
 *fill*         0x00fca3f4        0xc 
 .text._ZSt14get_unexpectedv
                0x00fca400       0x14 c:/users/shehan/documents/environments/spc5_env/toolchain/bin/../lib/gcc/powerpc-eabivle/4.9.4/../../../../powerpc-eabivle/lib/e200z2\libstdc++.a(eh_terminate.o)
                0x00fca400                std::get_unexpected()
 *fill*         0x00fca414        0xc 
 .text._ZL12read_sleb128PKhPl
                0x00fca420       0x2e c:/users/shehan/documents/environments/spc5_env/toolchain/bin/../lib/gcc/powerpc-eabivle/4.9.4/../../../../powerpc-eabivle/lib/e200z2\libstdc++.a(eh_personality.o)
 *fill*         0x00fca44e        0x2 
 .text._ZL16get_adjusted_ptrPKSt9type_infoS1_PPv
                0x00fca450       0x56 c:/users/shehan/documents/environments/spc5_env/toolchain/bin/../lib/gcc/powerpc-eabivle/4.9.4/../../../../powerpc-eabivle/lib/e200z2\libstdc++.a(eh_personality.o)
 *fill*         0x00fca4a6        0xa 
 .text._ZL28read_encoded_value_with_basehjPKhPj
                0x00fca4b0      0x142 c:/users/shehan/documents/environments/spc5_env/toolchain/bin/../lib/gcc/powerpc-eabivle/4.9.4/../../../../powerpc-eabivle/lib/e200z2\libstdc++.a(eh_personality.o)
 *fill*         0x00fca5f2        0xe 
 .text._ZL15get_ttype_entryP16lsda_header_infom
                0x00fca600       0xbe c:/users/shehan/documents/environments/spc5_env/toolchain/bin/../lib/gcc/powerpc-eabivle/4.9.4/../../../../powerpc-eabivle/lib/e200z2\libstdc++.a(eh_personality.o)
 *fill*         0x00fca6be        0x2 
 .text._ZL20check_exception_specP16lsda_header_infoPKSt9type_infoPvl
                0x00fca6c0       0x6c c:/users/shehan/documents/environments/spc5_env/toolchain/bin/../lib/gcc/powerpc-eabivle/4.9.4/../../../../powerpc-eabivle/lib/e200z2\libstdc++.a(eh_personality.o)